           
           Efinix FPGA Placement and Routing.
           Version: 2025.2.288.2.10 
           Compiled: Dec 18 2025.
           
           Copyright (C) 2013 - 2025 Efinix, Inc. All rights reserved.

           
           The Tool Is Based on VPR of University of Toronto,
           a free open source code under MIT license.
           
           
INFO     : Running Placement and Routing for Family "Trion", Device "T20F169" ...
           
           ***** Beginning stage netlist pre-processing ... *****
INFO     : Successfully read in VDB netlist file outflow/spinalnn_benchmark.vdb [DBMsg::VdbFileRead]
INFO     : ***** Beginning VDB Netlist Checker ... *****
INFO     : VDB Netlist Checker took 0.004243454 seconds [FlowMsg::StageDuration]
INFO     :     VDB Netlist Checker took 0 seconds (approximately) in total CPU time [FlowMsg::StageDuration::CPUTime]
INFO     : VDB Netlist Checker virtual memory usage: begin = 208.716 MB, end = 266.128 MB, delta = 57.412 MB [FlowMsg::VMUsage]
INFO     : VDB Netlist Checker resident set memory usage: begin = 124.96 MB, end = 125.664 MB, delta = 0.704 MB [FlowMsg::RSSUsage]
INFO     :     VDB Netlist Checker peak resident set memory usage = 125.664 MB [FlowMsg::RSSUsage::Peak]
INFO     : ***** Ending VDB Netlist Checker ... *****
INFO     : Reading core interface constraints file "outflow/spinalnn_benchmark.interface.csv" [DBMsg::CoreInterfaceConstraintsFileReading]
INFO     : Successfully read core interface constraints file "outflow/spinalnn_benchmark.interface.csv" [DBMsg::CoreInterfaceConstraintsFileLoadSuccess]
INFO     : Found 0 constant generator nets [DBMsg::NetlistConstGeneratorCount]
INFO     : Pass 0: Swept away 0 nets with no fanout [DBMsg::NetlistNetsSweptThisPass]
INFO     : Pass 0: Swept away 0 blocks with no fanout [DBMsg::NetlistBlocksSweptThisPass]
INFO     : Swept away 0 nets and 0 blocks in total [DBMsg::NetlistTotalSwept]
INFO     : Removed 0 LUT buffers [DBMsg::NetlistRemovedLUTBuffers]
INFO     : Successfully read in VDB netlist file outflow/spinalnn_benchmark.vdb [DBMsg::VdbFileRead]
INFO     : Netlist pre-processing took 0.019328015 seconds [FlowMsg::StageDuration]
INFO     :     Netlist pre-processing took 0.02 seconds (approximately) in total CPU time [FlowMsg::StageDuration::CPUTime]
INFO     : Netlist pre-processing virtual memory usage: begin = 208.716 MB, end = 266.128 MB, delta = 57.412 MB [FlowMsg::VMUsage]
INFO     : Netlist pre-processing resident set memory usage: begin = 123.98 MB, end = 125.824 MB, delta = 1.844 MB [FlowMsg::RSSUsage]
INFO     :     Netlist pre-processing peak resident set memory usage = 125.824 MB [FlowMsg::RSSUsage::Peak]
           ***** Ending stage netlist pre-processing *****
           
           ***** Beginning stage pre-packing ... *****
           ***** Ending stage pre-packing *****
           
           ***** Beginning stage packing ... *****
INFO     : Generate proto netlist for file "work_pnr/spinalnn_benchmark.net_proto" took 0.001237 seconds
INFO     : Creating IO constraints file 'work_pnr/spinalnn_benchmark.io_place'
INFO     : Packing took 0.004392642 seconds [FlowMsg::StageDuration]
INFO     :     Packing took 0 seconds (approximately) in total CPU time [FlowMsg::StageDuration::CPUTime]
INFO     : Packing virtual memory usage: begin = 266.128 MB, end = 266.128 MB, delta = 0 MB [FlowMsg::VMUsage]
INFO     : Packing resident set memory usage: begin = 127.132 MB, end = 127.688 MB, delta = 0.556 MB [FlowMsg::RSSUsage]
INFO     :     Packing peak resident set memory usage = 127.688 MB [FlowMsg::RSSUsage::Peak]
           ***** Ending stage packing *****
           
INFO     : Read proto netlist file work_pnr/spinalnn_benchmark.net_proto
INFO     : Read proto netlist for file "work_pnr/spinalnn_benchmark.net_proto" took 0.000657 seconds
INFO     : Setup net and block data structure took 0.013299 seconds
INFO     : Reading core interface constraints file "outflow/spinalnn_benchmark.interface.csv" [DBMsg::CoreInterfaceConstraintsFileReading]
INFO     : Successfully read core interface constraints file "outflow/spinalnn_benchmark.interface.csv" [DBMsg::CoreInterfaceConstraintsFileLoadSuccess]
           ***** Beginning stage packed netlist loading ... *****
INFO     : Read proto netlist file work_pnr/spinalnn_benchmark.net_proto
INFO     : Read proto netlist for file "work_pnr/spinalnn_benchmark.net_proto" took 0.000701 seconds
INFO     : Setup net and block data structure took 0.013051 seconds
INFO     : Packed netlist loading took 0.014059748 seconds [FlowMsg::StageDuration]
INFO     :     Packed netlist loading took 0.01 seconds (approximately) in total CPU time [FlowMsg::StageDuration::CPUTime]
INFO     : Packed netlist loading virtual memory usage: begin = 266.128 MB, end = 266.128 MB, delta = 0 MB [FlowMsg::VMUsage]
INFO     : Packed netlist loading resident set memory usage: begin = 129.996 MB, end = 129.996 MB, delta = 0 MB [FlowMsg::RSSUsage]
INFO     :     Packed netlist loading peak resident set memory usage = 129.996 MB [FlowMsg::RSSUsage::Peak]
           ***** Ending stage packed netlist loading *****
           
           ***** Beginning stage pre-placement ... *****
           
           ***** Ending stage pre-placement *****
           
INFO     : SDC file 'timing.sdc' parsed successfully.
           ***** Beginning stage initial placement ... *****
INFO     : Reading core interface constraints file "outflow/spinalnn_benchmark.interface.csv" [DBMsg::CoreInterfaceConstraintsFileReading]
INFO     : Successfully read core interface constraints file "outflow/spinalnn_benchmark.interface.csv" [DBMsg::CoreInterfaceConstraintsFileLoadSuccess]
INFO     : Writing IO placement constraints to "outflow/spinalnn_benchmark.interface.io" [DBMsg::IOPlacementConstraintsFileWriting]
INFO     : Reading placement constraints from 'outflow/spinalnn_benchmark.interface.io'.
INFO     : Reading placement constraints from 'work_pnr/spinalnn_benchmark.io_place'.
WARNING  : activation_in_valid has no assigned placement; it will be placed randomly.
WARNING  : activation_in_ready has no assigned placement; it will be placed randomly.
WARNING  : activation_in_data[7] has no assigned placement; it will be placed randomly.
WARNING  : activation_in_data[6] has no assigned placement; it will be placed randomly.
WARNING  : activation_in_data[5] has no assigned placement; it will be placed randomly.
WARNING  : activation_in_data[4] has no assigned placement; it will be placed randomly.
WARNING  : activation_in_data[3] has no assigned placement; it will be placed randomly.
WARNING  : activation_in_data[2] has no assigned placement; it will be placed randomly.
WARNING  : activation_in_data[1] has no assigned placement; it will be placed randomly.
WARNING  : activation_in_data[0] has no assigned placement; it will be placed randomly.
WARNING  : activation_out_valid has no assigned placement; it will be placed randomly.
WARNING  : activation_out_ready has no assigned placement; it will be placed randomly.
WARNING  : activation_out_data[7] has no assigned placement; it will be placed randomly.
WARNING  : activation_out_data[6] has no assigned placement; it will be placed randomly.
WARNING  : activation_out_data[5] has no assigned placement; it will be placed randomly.
WARNING  : activation_out_data[4] has no assigned placement; it will be placed randomly.
WARNING  : activation_out_data[3] has no assigned placement; it will be placed randomly.
WARNING  : activation_out_data[2] has no assigned placement; it will be placed randomly.
WARNING  : activation_out_data[1] has no assigned placement; it will be placed randomly.
WARNING  : activation_out_data[0] has no assigned placement; it will be placed randomly.
WARNING  : clk has no assigned placement; it will be placed randomly.
WARNING  : reset has no assigned placement; it will be placed randomly.
INFO     : 22 IOs will have random placement.
           ***** Ending stage initial placement *****
           
           ***** Beginning stage placement ... *****
INFO     : Chip::LoadDelayLookupTable
INFO     : Starting Global Placer with 14 threads ...
            ----------     -------  --------------     -------
             Iteration       WHPWL Worst Slack (ps) Convergence
            ----------     -------  --------------     -------
INFO     :           1      398825            1955        16.2%
INFO     :           2      294944            1955        17.1%
INFO     :           3      252201            1669        17.4%
INFO     :           4      201838            1907        19.9%
INFO     :           5      122722            1744        19.9%
INFO     :           6       94480             529        19.9%
INFO     :           7       76797            1271        23.7%
INFO     :           8       66345             -55        29.2%
INFO     :           9       51117             587        41.6%
INFO     :          10       46939             145        58.6%
INFO     :          11       43811            -410        66.0%
INFO     :          12       42710             214        69.7%
INFO     :          13       42468             104        71.7%
INFO     :          14       41600             304        72.5%
INFO     :          15       40845             149        73.9%
INFO     :          16       40154            -126        75.5%
INFO     :          17       40683             311        75.5%
INFO     :          18       40016            -147        76.4%
INFO     :          19       39975             185        77.4%
INFO     :          20       39555            -150        77.8%
INFO     :          21       39455            -168        79.5%
INFO     :          22       39427            -129        79.6%
INFO     :          23       39253              65        80.8%
INFO     :          24       39030            -349        81.7%
INFO     :          25       39239            -348        81.7%
INFO     :          26       39047            -127        82.9%
INFO     :          27       38989            -118        83.8%
INFO     :          28       38719            -576        85.0%
INFO     :          29       38736            -339        85.4%
INFO     :          30       38751            -142        85.7%
INFO     :          31       38901            -160        86.4%
INFO     :          32       38808            -768        87.6%
INFO     :          33       38886            -839        88.8%
INFO     :          34       39001            -613        88.9%
INFO     :          35       38871            -410        89.4%
INFO     :          36       38893            -957        89.9%
INFO     :          37       38720            -957        90.7%
INFO     :          38       38661            -613        91.6%
INFO     :          39       38612            -771        92.9%
INFO     :          40       38853            -768        94.0%
INFO     :          41       38804           -1086        94.7%
INFO     :          42       38780            -635        95.2%
INFO     :          43       37934           -1513        97.6%
INFO     :          44       37975           -1519        98.6%
INFO     :          45       37926           -1463        99.5%
INFO     :          46       37900           -1463        99.7%
INFO     :          47       37912           -1463        99.9%
INFO     :          48       37936           -1025        99.9%
INFO     :          49       37960           -1016        99.9%
INFO     : Starting Annealer
            ----------     -------  --------------     -------
             Iteration       WHPWL  Delay Max (ps)     R Limit
            ----------     -------  --------------     -------
INFO     :           0       10761            8338        30.0
INFO     :           1        7000            7018        30.0
INFO     :           2        6010            7683        29.9
INFO     :           3        5112            6759        29.5
INFO     :           4        5283            6704        29.0
INFO     :           5        5244            6639        28.3
INFO     :           6        5051            6588        27.5
INFO     :           7        5089            6121        26.2
INFO     :           8        5218            5768        25.1
INFO     :           9        5237            5950        24.0
INFO     :          10        5096            5573        22.9
INFO     :          11        4974            5573        21.8
INFO     :          12        5048            5573        20.7
INFO     :          13        4905            5573        19.5
INFO     :          14        4930            5573        18.4
INFO     :          15        4767            5573        17.3
INFO     :          16        4492            5573        16.3
INFO     :          17        4452            5573        15.4
INFO     :          18        4640            5573        14.4
INFO     :          19        4713            5573        13.5
INFO     :          20        4504            5573        12.7
INFO     :          21        4670            5573        11.9
INFO     :          22        4578            5573        11.2
INFO     :          23        4562            5573        10.5
INFO     :          24        4514            5573         9.9
INFO     :          25        4544            5573         9.3
INFO     :          26        4538            6038         8.7
INFO     :          27        4548            5573         8.1
INFO     :          28        4516            5654         7.5
INFO     :          29        4473            5573         7.1
INFO     :          30        4340            5573         6.7
INFO     :          31        4257            5573         6.3
INFO     :          32        4146            5573         6.0
INFO     :          33        4193            5573         5.6
INFO     :          34        4139            5573         5.2
INFO     :          35        4114            5573         4.9
INFO     :          36        4138            5573         4.6
INFO     :          37        4093            5573         4.3
INFO     :          38        4067            5573         4.1
INFO     :          39        4038            5573         3.8
INFO     :          40        4018            5573         3.6
INFO     :          41        4020            5573         3.4
INFO     :          42        4009            5573         3.1
INFO     :          43        4014            5573         2.9
INFO     :          44        3981            5573         2.7
INFO     :          45        3993            5573         2.6
INFO     :          46        3978            5573         2.3
INFO     :          47        3964            5573         2.2
INFO     : Placement successful: 1273 cells are placed
INFO     : Peak congestion smeared over 4x4 of the chip is 0.277058 at 79,133
INFO     : Peak congestion smeared over 1/16 of the chip is 0.178275 at 85,130
INFO     : Peak congestion smeared over 1/4 of the chip is 0.0717521 at 98,128
INFO     : Congestion-weighted HPWL per net: 10.2148
INFO     : Reading placement constraints from 'outflow/spinalnn_benchmark.qplace'.
INFO     : Finished Realigning Types (136 blocks needed type change)
INFO     : Completed placement consistency check successfully.
INFO     : Successfully created FPGA place file 'outflow/spinalnn_benchmark.place'
INFO     : Placement took 2.021679048 seconds [FlowMsg::StageDuration]
INFO     :     Placement took 5.96 seconds (approximately) in total CPU time [FlowMsg::StageDuration::CPUTime]
INFO     : Placement virtual memory usage: begin = 266.128 MB, end = 353.44 MB, delta = 87.312 MB [FlowMsg::VMUsage]
INFO     : Placement resident set memory usage: begin = 131.1 MB, end = 163.684 MB, delta = 32.584 MB [FlowMsg::RSSUsage]
INFO     :     Placement peak resident set memory usage = 163.684 MB [FlowMsg::RSSUsage::Peak]
           ***** Ending stage placement *****
           
