
///////////////////////////////////
// Efinity Synthesis Started 
// Jun 03, 2026 22:05:12
///////////////////////////////////

[EFX-0012 VERI-INFO] default VHDL library search path is now "/home/curtis-button/eda/efinity/2025.2/sim_models/vhdl/packages/vhdl_2008" (VHDL-1504) 
[EFX-0012 VERI-INFO] compiling module 'SpinalNNTop' (VERI-1018) (/home/curtis-button/projects/spinalnn/rtl/flat/SpinalNNTop.v:6)
[EFX-0012 VERI-INFO] extracting RAM for identifier 'conv1_inputBuf_0' (VERI-2571) (/home/curtis-button/projects/spinalnn/rtl/flat/SpinalNNTop.v:548)
[EFX-0012 VERI-INFO] extracting RAM for identifier 'conv1_weightRom_0' (VERI-2571) (/home/curtis-button/projects/spinalnn/rtl/flat/SpinalNNTop.v:549)
[EFX-0012 VERI-INFO] extracting RAM for identifier 'conv1_biasRom' (VERI-2571) (/home/curtis-button/projects/spinalnn/rtl/flat/SpinalNNTop.v:550)
[EFX-0012 VERI-INFO] extracting RAM for identifier 'pool1_inputBuf' (VERI-2571) (/home/curtis-button/projects/spinalnn/rtl/flat/SpinalNNTop.v:551)
[EFX-0012 VERI-INFO] extracting RAM for identifier 'conv2_inputBuf_0' (VERI-2571) (/home/curtis-button/projects/spinalnn/rtl/flat/SpinalNNTop.v:552)
[EFX-0012 VERI-INFO] extracting RAM for identifier 'conv2_weightRom_0' (VERI-2571) (/home/curtis-button/projects/spinalnn/rtl/flat/SpinalNNTop.v:553)
[EFX-0012 VERI-INFO] extracting RAM for identifier 'conv2_biasRom' (VERI-2571) (/home/curtis-button/projects/spinalnn/rtl/flat/SpinalNNTop.v:554)
[EFX-0012 VERI-INFO] extracting RAM for identifier 'pool2_inputBuf' (VERI-2571) (/home/curtis-button/projects/spinalnn/rtl/flat/SpinalNNTop.v:555)
[EFX-0012 VERI-INFO] extracting RAM for identifier 'linear1_inputBuf' (VERI-2571) (/home/curtis-button/projects/spinalnn/rtl/flat/SpinalNNTop.v:556)
[EFX-0012 VERI-INFO] extracting RAM for identifier 'linear1_weightRom' (VERI-2571) (/home/curtis-button/projects/spinalnn/rtl/flat/SpinalNNTop.v:557)
[EFX-0012 VERI-INFO] extracting RAM for identifier 'linear1_biasRom' (VERI-2571) (/home/curtis-button/projects/spinalnn/rtl/flat/SpinalNNTop.v:558)
[EFX-0011 VERI-WARNING] net 'conv1_weightRom_0' does not have a driver (VDB-1002) (/home/curtis-button/projects/spinalnn/rtl/flat/SpinalNNTop.v:549)
[EFX-0011 VERI-WARNING] net 'conv1_biasRom' does not have a driver (VDB-1002) (/home/curtis-button/projects/spinalnn/rtl/flat/SpinalNNTop.v:550)
[EFX-0011 VERI-WARNING] net 'conv2_weightRom_0' does not have a driver (VDB-1002) (/home/curtis-button/projects/spinalnn/rtl/flat/SpinalNNTop.v:553)
[EFX-0011 VERI-WARNING] net 'conv2_biasRom' does not have a driver (VDB-1002) (/home/curtis-button/projects/spinalnn/rtl/flat/SpinalNNTop.v:554)
[EFX-0011 VERI-WARNING] net 'linear1_weightRom' does not have a driver (VDB-1002) (/home/curtis-button/projects/spinalnn/rtl/flat/SpinalNNTop.v:557)
[EFX-0011 VERI-WARNING] net 'linear1_biasRom' does not have a driver (VDB-1002) (/home/curtis-button/projects/spinalnn/rtl/flat/SpinalNNTop.v:558)
[EFX-0000 INFO] ... Setting Synthesis Option: mode=speed
[EFX-0012 VERI-INFO] compiling module 'EFX_ADD' (VERI-1018) (/home/curtis-button/eda/efinity/2025.2/sim_models/maplib/efinix_maplib.v:8)
[EFX-0012 VERI-INFO] compiling module 'EFX_FF' (VERI-1018) (/home/curtis-button/eda/efinity/2025.2/sim_models/maplib/efinix_maplib.v:21)
[EFX-0012 VERI-INFO] compiling module 'EFX_COMB4' (VERI-1018) (/home/curtis-button/eda/efinity/2025.2/sim_models/maplib/efinix_maplib.v:38)
[EFX-0012 VERI-INFO] compiling module 'EFX_GBUFCE' (VERI-1018) (/home/curtis-button/eda/efinity/2025.2/sim_models/maplib/efinix_maplib.v:48)
[EFX-0012 VERI-INFO] compiling module 'EFX_LUT4' (VERI-1018) (/home/curtis-button/eda/efinity/2025.2/sim_models/maplib/efinix_maplib.v:57)
[EFX-0012 VERI-INFO] compiling module 'EFX_MULT' (VERI-1018) (/home/curtis-button/eda/efinity/2025.2/sim_models/maplib/efinix_maplib.v:65)
[EFX-0012 VERI-INFO] compiling module 'EFX_DSP48' (VERI-1018) (/home/curtis-button/eda/efinity/2025.2/sim_models/maplib/efinix_maplib.v:100)
[EFX-0012 VERI-INFO] compiling module 'EFX_DSP24' (VERI-1018) (/home/curtis-button/eda/efinity/2025.2/sim_models/maplib/efinix_maplib.v:156)
[EFX-0012 VERI-INFO] compiling module 'EFX_DSP12' (VERI-1018) (/home/curtis-button/eda/efinity/2025.2/sim_models/maplib/efinix_maplib.v:209)
[EFX-0012 VERI-INFO] compiling module 'EFX_RAM_4K' (VERI-1018) (/home/curtis-button/eda/efinity/2025.2/sim_models/maplib/efinix_maplib.v:262)
[EFX-0012 VERI-INFO] compiling module 'EFX_RAM_5K' (VERI-1018) (/home/curtis-button/eda/efinity/2025.2/sim_models/maplib/efinix_maplib.v:322)
[EFX-0012 VERI-INFO] compiling module 'EFX_DPRAM_5K' (VERI-1018) (/home/curtis-button/eda/efinity/2025.2/sim_models/maplib/efinix_maplib.v:394)
[EFX-0012 VERI-INFO] compiling module 'RAMB5' (VERI-1018) (/home/curtis-button/eda/efinity/2025.2/sim_models/maplib/efinix_maplib.v:499)
[EFX-0012 VERI-INFO] compiling module 'EFX_RAM_10K' (VERI-1018) (/home/curtis-button/eda/efinity/2025.2/sim_models/maplib/efinix_maplib.v:561)
[EFX-0012 VERI-INFO] compiling module 'EFX_RAM10' (VERI-1018) (/home/curtis-button/eda/efinity/2025.2/sim_models/maplib/efinix_maplib.v:653)
[EFX-0012 VERI-INFO] compiling module 'EFX_DPRAM10' (VERI-1018) (/home/curtis-button/eda/efinity/2025.2/sim_models/maplib/efinix_maplib.v:754)
[EFX-0012 VERI-INFO] compiling module 'EFX_SRL8' (VERI-1018) (/home/curtis-button/eda/efinity/2025.2/sim_models/maplib/efinix_maplib.v:884)
[EFX-0000 INFO] ... Pre-synthesis checks begin
[EFX-0200 WARNING] Removing redundant signal : _zz_conv1_inputBuf_0_port. (/home/curtis-button/projects/spinalnn/rtl/flat/SpinalNNTop.v:28)
[EFX-0200 WARNING] Removing redundant signal : _zz_conv1_weightRom_0_port. (/home/curtis-button/projects/spinalnn/rtl/flat/SpinalNNTop.v:30)
[EFX-0200 WARNING] Removing redundant signal : _zz_conv1_accumReg_2[2]. (/home/curtis-button/projects/spinalnn/rtl/flat/SpinalNNTop.v:33)
[EFX-0200 WARNING] Removing redundant signal : _zz_conv1_accumReg_2[1]. (/home/curtis-button/projects/spinalnn/rtl/flat/SpinalNNTop.v:33)
[EFX-0200 WARNING] Removing redundant signal : _zz_conv1_accumReg_2[0]. (/home/curtis-button/projects/spinalnn/rtl/flat/SpinalNNTop.v:33)
[EFX-0200 WARNING] Removing redundant signal : _zz_pool1_inputBuf_port. (/home/curtis-button/projects/spinalnn/rtl/flat/SpinalNNTop.v:80)
[EFX-0200 WARNING] Removing redundant signal : _zz_conv2_inputBuf_0_port. (/home/curtis-button/projects/spinalnn/rtl/flat/SpinalNNTop.v:108)
[EFX-0200 WARNING] Removing redundant signal : _zz_conv2_weightRom_0_port. (/home/curtis-button/projects/spinalnn/rtl/flat/SpinalNNTop.v:110)
[EFX-0200 WARNING] Removing redundant signal : _zz_conv2_accumReg_2[3]. (/home/curtis-button/projects/spinalnn/rtl/flat/SpinalNNTop.v:113)
[EFX-0200 WARNING] Removing redundant signal : _zz_conv2_accumReg_2[2]. (/home/curtis-button/projects/spinalnn/rtl/flat/SpinalNNTop.v:113)
[EFX-0200 WARNING] Removing redundant signal : _zz_conv2_accumReg_2[1]. (/home/curtis-button/projects/spinalnn/rtl/flat/SpinalNNTop.v:113)
[EFX-0200 WARNING] Removing redundant signal : _zz_conv2_accumReg_2[0]. (/home/curtis-button/projects/spinalnn/rtl/flat/SpinalNNTop.v:113)
[EFX-0200 WARNING] Removing redundant signal : _zz_pool2_inputBuf_port. (/home/curtis-button/projects/spinalnn/rtl/flat/SpinalNNTop.v:160)
[EFX-0200 WARNING] Removing redundant signal : _zz_linear1_inputBuf_port. (/home/curtis-button/projects/spinalnn/rtl/flat/SpinalNNTop.v:193)
[EFX-0200 WARNING] Removing redundant signal : _zz_linear1_weightRom_port. (/home/curtis-button/projects/spinalnn/rtl/flat/SpinalNNTop.v:195)
[EFX-0677 INFO] ... Memory 'conv1_inputBuf_0' is not initialized, assuming empty initial contents. (/home/curtis-button/projects/spinalnn/rtl/flat/SpinalNNTop.v:548)
[EFX-0677 INFO] ... Memory 'pool1_inputBuf' is not initialized, assuming empty initial contents. (/home/curtis-button/projects/spinalnn/rtl/flat/SpinalNNTop.v:551)
[EFX-0677 INFO] ... Memory 'conv2_inputBuf_0' is not initialized, assuming empty initial contents. (/home/curtis-button/projects/spinalnn/rtl/flat/SpinalNNTop.v:552)
[EFX-0677 INFO] ... Memory 'pool2_inputBuf' is not initialized, assuming empty initial contents. (/home/curtis-button/projects/spinalnn/rtl/flat/SpinalNNTop.v:555)
[EFX-0677 INFO] ... Memory 'linear1_inputBuf' is not initialized, assuming empty initial contents. (/home/curtis-button/projects/spinalnn/rtl/flat/SpinalNNTop.v:556)
[EFX-0000 INFO] ... Pre-synthesis checks end (Real time : 0s CPU user time : 0s CPU sys time : 0s MEM : 90520KB)
[EFX-0000 INFO] ... NameSpace init begin
[EFX-0000 INFO] ... NameSpace init end (Real time : 0s CPU user time : 0s CPU sys time : 0s MEM : 90520KB)
[EFX-0000 INFO] ... Mapping design "SpinalNNTop"
[EFX-0000 INFO] ... Hierarchical pre-synthesis "SpinalNNTop" begin
[EFX-0657 WARNING] Mapping into logic memory block 'conv1_biasRom' (256 bits) (/home/curtis-button/projects/spinalnn/rtl/flat/SpinalNNTop.v:550) because read port is not synchronous.
[EFX-0657 WARNING] Mapping into logic memory block 'conv2_biasRom' (512 bits) (/home/curtis-button/projects/spinalnn/rtl/flat/SpinalNNTop.v:554) because read port is not synchronous.
[EFX-0657 WARNING] Mapping into logic memory block 'linear1_biasRom' (320 bits) (/home/curtis-button/projects/spinalnn/rtl/flat/SpinalNNTop.v:558) because read port is not synchronous.
[EFX-0000 INFO] ... Clock Enable Synthesis Performed on 256 flops.
[EFX-0000 INFO] ... Hierarchical pre-synthesis "SpinalNNTop" end (Real time : 0s CPU user time : 0s CPU sys time : 0s MEM : 98116KB)
[EFX-0000 INFO] ... Flat optimizations begin
[EFX-0000 INFO] ... Flat optimizations end (Real time : 0s CPU user time : 0s CPU sys time : 0s MEM : 98116KB)
[EFX-0000 INFO] ... Flat synthesis begin
[EFX-0000 INFO] ... Flat synthesis end (Real time : 0s CPU user time : 0s CPU sys time : 0s MEM : 98116KB)
[EFX-0000 INFO] ... Flat optimizations begin
[EFX-0000 INFO] ... Flat optimizations end (Real time : 0s CPU user time : 0s CPU sys time : 0s MEM : 98116KB)
[EFX-0000 INFO] ... Check and break combinational loops begin
[EFX-0000 INFO] ... Check and break combinational loops end (Real time : 0s CPU user time : 0s CPU sys time : 0s MEM : 98116KB)
[EFX-0000 INFO] ... Sequential Optimization begin
[EFX-0000 INFO] ... Clock Network 'clk' with 1238 loads will be considered for sequential optimization.
[EFX-0000 INFO] ... Sequential Optimization deduced 279 equivalent points.
[EFX-0000 INFO] ... Sequential Optimization end (Real time : 1s CPU user time : 1s CPU sys time : 0s MEM : 123456KB)
[EFX-0000 INFO] ... Setup for logic synthesis begin
[EFX-0000 INFO] ... Setup for logic synthesis end (Real time : 0s CPU user time : 1s CPU sys time : 0s MEM : 123456KB)
[EFX-0000 INFO] ... LUT mapping begin
[EFX-0000 INFO] ... LS, strategy: 3, nd: 816, ed: 2508, lv: 4, pw: 2805.48
[EFX-0000 INFO] ... LUT mapping end (Real time : 1s CPU user time : 2s CPU sys time : 0s MEM : 186840KB)
[EFX-0000 INFO] ... Post-synthesis Verific netlist creation begin
[EFX-0000 INFO] ... Post-synthesis Verific netlist creation end (Real time : 0s CPU user time : 2s CPU sys time : 0s MEM : 186840KB)
[EFX-0000 INFO] ... Postmap Retiming Optimization begin
[EFX-0000 INFO] ... Clock Network 'clk~clk' with 1228 loads will be considered for retiming optimization.
[EFX-0000 INFO] ... Performed 2 retime moves.
[EFX-0000 INFO] ... Postmap Retiming Optimization end (Real time : 0s CPU user time : 3s CPU sys time : 0s MEM : 186840KB)
[EFX-0000 INFO] Resource Summary 
[EFX-0000 INFO] =============================== 
[EFX-0000 INFO] EFX_ADD         : 	821
[EFX-0000 INFO] EFX_LUT4        : 	816
[EFX-0000 INFO] EFX_DSP48       : 	15
[EFX-0000 INFO] EFX_DSP24       : 	3
[EFX-0000 INFO] EFX_FF          : 	1116
[EFX-0000 INFO] EFX_RAM10       : 	22
[EFX-0000 INFO] =============================== 
[EFX-0000 INFO] ... Post-Map Verilog Writer begin
[EFX-0000 INFO] ... Post-Map Verilog Writer end (Real time : 0s CPU user time : 3s CPU sys time : 0s MEM : 186840KB)
