           
           Efinix FPGA Placement and Routing.
           Version: 2025.2.288.2.10 
           Compiled: Dec 18 2025.
           
           Copyright (C) 2013 - 2025 Efinix, Inc. All rights reserved.

           
           The Tool Is Based on VPR of University of Toronto,
           a free open source code under MIT license.
           
           
INFO     : Running Placement and Routing for Family "Trion", Device "T20F169" ...
           
           ***** Beginning stage netlist pre-processing ... *****
INFO     : Successfully read in VDB netlist file outflow/spinalnn_benchmark.vdb [DBMsg::VdbFileRead]
INFO     : ***** Beginning VDB Netlist Checker ... *****
INFO     : VDB Netlist Checker took 0.003340792 seconds [FlowMsg::StageDuration]
INFO     :     VDB Netlist Checker took 0 seconds (approximately) in total CPU time [FlowMsg::StageDuration::CPUTime]
INFO     : VDB Netlist Checker virtual memory usage: begin = 208.716 MB, end = 266.128 MB, delta = 57.412 MB [FlowMsg::VMUsage]
INFO     : VDB Netlist Checker resident set memory usage: begin = 124.132 MB, end = 124.836 MB, delta = 0.704 MB [FlowMsg::RSSUsage]
INFO     :     VDB Netlist Checker peak resident set memory usage = 150.58 MB [FlowMsg::RSSUsage::Peak]
INFO     : ***** Ending VDB Netlist Checker ... *****
INFO     : Reading core interface constraints file "outflow/spinalnn_benchmark.interface.csv" [DBMsg::CoreInterfaceConstraintsFileReading]
INFO     : Successfully read core interface constraints file "outflow/spinalnn_benchmark.interface.csv" [DBMsg::CoreInterfaceConstraintsFileLoadSuccess]
INFO     : Found 0 constant generator nets [DBMsg::NetlistConstGeneratorCount]
INFO     : Pass 0: Swept away 0 nets with no fanout [DBMsg::NetlistNetsSweptThisPass]
INFO     : Pass 0: Swept away 0 blocks with no fanout [DBMsg::NetlistBlocksSweptThisPass]
INFO     : Swept away 0 nets and 0 blocks in total [DBMsg::NetlistTotalSwept]
INFO     : Removed 0 LUT buffers [DBMsg::NetlistRemovedLUTBuffers]
INFO     : Successfully read in VDB netlist file outflow/spinalnn_benchmark.vdb [DBMsg::VdbFileRead]
INFO     : Netlist pre-processing took 0.01882672 seconds [FlowMsg::StageDuration]
INFO     :     Netlist pre-processing took 0.02 seconds (approximately) in total CPU time [FlowMsg::StageDuration::CPUTime]
INFO     : Netlist pre-processing virtual memory usage: begin = 208.716 MB, end = 266.128 MB, delta = 57.412 MB [FlowMsg::VMUsage]
INFO     : Netlist pre-processing resident set memory usage: begin = 123.156 MB, end = 124.996 MB, delta = 1.84 MB [FlowMsg::RSSUsage]
INFO     :     Netlist pre-processing peak resident set memory usage = 150.58 MB [FlowMsg::RSSUsage::Peak]
           ***** Ending stage netlist pre-processing *****
           
           ***** Beginning stage pre-packing ... *****
           ***** Ending stage pre-packing *****
           
           ***** Beginning stage packing ... *****
INFO     : Generate proto netlist for file "work_pnr/spinalnn_benchmark.net_proto" took 0.001443 seconds
INFO     : Creating IO constraints file 'work_pnr/spinalnn_benchmark.io_place'
INFO     : Packing took 0.005525258 seconds [FlowMsg::StageDuration]
INFO     :     Packing took 0 seconds (approximately) in total CPU time [FlowMsg::StageDuration::CPUTime]
INFO     : Packing virtual memory usage: begin = 266.128 MB, end = 266.128 MB, delta = 0 MB [FlowMsg::VMUsage]
INFO     : Packing resident set memory usage: begin = 126.144 MB, end = 126.7 MB, delta = 0.556 MB [FlowMsg::RSSUsage]
INFO     :     Packing peak resident set memory usage = 150.58 MB [FlowMsg::RSSUsage::Peak]
           ***** Ending stage packing *****
           
INFO     : Read proto netlist file work_pnr/spinalnn_benchmark.net_proto
INFO     : Read proto netlist for file "work_pnr/spinalnn_benchmark.net_proto" took 0.000847 seconds
INFO     : Setup net and block data structure took 0.016643 seconds
INFO     : Reading core interface constraints file "outflow/spinalnn_benchmark.interface.csv" [DBMsg::CoreInterfaceConstraintsFileReading]
INFO     : Successfully read core interface constraints file "outflow/spinalnn_benchmark.interface.csv" [DBMsg::CoreInterfaceConstraintsFileLoadSuccess]
           ***** Beginning stage packed netlist loading ... *****
INFO     : Read proto netlist file work_pnr/spinalnn_benchmark.net_proto
INFO     : Read proto netlist for file "work_pnr/spinalnn_benchmark.net_proto" took 0.001021 seconds
INFO     : Setup net and block data structure took 0.016691 seconds
INFO     : Packed netlist loading took 0.018057267 seconds [FlowMsg::StageDuration]
INFO     :     Packed netlist loading took 0.02 seconds (approximately) in total CPU time [FlowMsg::StageDuration::CPUTime]
INFO     : Packed netlist loading virtual memory usage: begin = 266.128 MB, end = 266.128 MB, delta = 0 MB [FlowMsg::VMUsage]
INFO     : Packed netlist loading resident set memory usage: begin = 129.008 MB, end = 129.008 MB, delta = 0 MB [FlowMsg::RSSUsage]
INFO     :     Packed netlist loading peak resident set memory usage = 150.58 MB [FlowMsg::RSSUsage::Peak]
           ***** Ending stage packed netlist loading *****
           
           ***** Beginning stage pre-placement ... *****
           
           ***** Ending stage pre-placement *****
           
INFO     : No SDC file found.  Using default timing constraint of 1 ns.
INFO     : NOTE:  Use --sdc_file <SDC_FILE> to override this behavior.
INFO     : Creating clock 'clk' with 1 sources
           ***** Beginning stage initial placement ... *****
INFO     : Reading core interface constraints file "outflow/spinalnn_benchmark.interface.csv" [DBMsg::CoreInterfaceConstraintsFileReading]
INFO     : Successfully read core interface constraints file "outflow/spinalnn_benchmark.interface.csv" [DBMsg::CoreInterfaceConstraintsFileLoadSuccess]
INFO     : Writing IO placement constraints to "outflow/spinalnn_benchmark.interface.io" [DBMsg::IOPlacementConstraintsFileWriting]
INFO     : Reading placement constraints from 'outflow/spinalnn_benchmark.interface.io'.
INFO     : Reading placement constraints from 'work_pnr/spinalnn_benchmark.io_place'.
WARNING  : activation_in_valid has no assigned placement; it will be placed randomly.
WARNING  : activation_in_ready has no assigned placement; it will be placed randomly.
WARNING  : activation_in_data[7] has no assigned placement; it will be placed randomly.
WARNING  : activation_in_data[6] has no assigned placement; it will be placed randomly.
WARNING  : activation_in_data[5] has no assigned placement; it will be placed randomly.
WARNING  : activation_in_data[4] has no assigned placement; it will be placed randomly.
WARNING  : activation_in_data[3] has no assigned placement; it will be placed randomly.
WARNING  : activation_in_data[2] has no assigned placement; it will be placed randomly.
WARNING  : activation_in_data[1] has no assigned placement; it will be placed randomly.
WARNING  : activation_in_data[0] has no assigned placement; it will be placed randomly.
WARNING  : activation_out_valid has no assigned placement; it will be placed randomly.
WARNING  : activation_out_ready has no assigned placement; it will be placed randomly.
WARNING  : activation_out_data[7] has no assigned placement; it will be placed randomly.
WARNING  : activation_out_data[6] has no assigned placement; it will be placed randomly.
WARNING  : activation_out_data[5] has no assigned placement; it will be placed randomly.
WARNING  : activation_out_data[4] has no assigned placement; it will be placed randomly.
WARNING  : activation_out_data[3] has no assigned placement; it will be placed randomly.
WARNING  : activation_out_data[2] has no assigned placement; it will be placed randomly.
WARNING  : activation_out_data[1] has no assigned placement; it will be placed randomly.
WARNING  : activation_out_data[0] has no assigned placement; it will be placed randomly.
WARNING  : clk has no assigned placement; it will be placed randomly.
WARNING  : reset has no assigned placement; it will be placed randomly.
INFO     : 22 IOs will have random placement.
           ***** Ending stage initial placement *****
           
           ***** Beginning stage placement ... *****
INFO     : Chip::LoadDelayLookupTable
INFO     : Starting Global Placer with 14 threads ...
            ----------     -------  --------------     -------
             Iteration       WHPWL Worst Slack (ps) Convergence
            ----------     -------  --------------     -------
INFO     :           1     1174660           -3839         4.1%
INFO     :           2      747687           -3502         8.7%
INFO     :           3      513442           -4175        11.8%
INFO     :           4      402242           -4260        13.9%
INFO     :           5      199677           -4405        14.1%
INFO     :           6      131265           -4845        16.4%
INFO     :           7       94115           -5015        18.1%
INFO     :           8       74402           -5703        22.9%
INFO     :           9       70452           -5933        28.4%
INFO     :          10       62483           -6035        34.3%
INFO     :          11       60574           -6490        37.8%
INFO     :          12       58540           -6046        41.6%
INFO     :          13       56531           -6068        44.1%
INFO     :          14       52479           -5779        47.3%
INFO     :          15       51254           -5872        49.8%
INFO     :          16       49810           -5694        51.4%
INFO     :          17       50325           -5649        52.5%
INFO     :          18       50765           -5617        52.5%
INFO     :          19       50396           -5607        53.7%
INFO     :          20       50982           -5769        54.7%
INFO     :          21       49203           -5769        55.0%
INFO     :          22       48386           -5769        56.7%
INFO     :          23       48562           -6008        58.3%
INFO     :          24       48728           -5535        58.7%
INFO     :          25       49002           -5602        59.1%
INFO     :          26       48628           -5769        59.8%
INFO     :          27       48111           -5759        61.8%
INFO     :          28       48030           -5593        61.8%
INFO     :          29       48265           -5592        61.9%
INFO     :          30       48183           -5929        63.1%
INFO     :          31       48409           -5747        63.7%
INFO     :          32       48439           -5769        65.3%
INFO     :          33       47458           -5769        66.0%
INFO     :          34       46952           -5662        67.0%
INFO     :          35       46919           -6000        68.5%
INFO     :          36       46652           -5944        70.1%
INFO     :          37       46370           -5769        70.8%
INFO     :          38       46710           -5769        71.0%
INFO     :          39       46190           -6000        73.0%
INFO     :          40       45859           -5596        73.0%
INFO     :          41       46203           -5802        73.0%
INFO     :          42       46351           -6000        73.2%
INFO     :          43       45268           -5808        74.7%
INFO     :          44       44650           -6175        76.2%
INFO     :          45       45208           -5976        77.0%
INFO     :          46       44863           -6371        77.5%
INFO     :          47       44599           -5999        79.1%
INFO     :          48       44531           -6575        79.6%
INFO     :          49       44264           -6275        80.5%
INFO     :          50       44160           -6257        81.7%
INFO     :          51       44264           -6154        82.0%
INFO     :          52       44517           -6185        82.7%
INFO     :          53       44066           -6150        84.1%
INFO     :          54       44341           -6150        85.0%
INFO     :          55       44144           -6150        85.3%
INFO     :          56       44263           -6575        86.2%
INFO     :          57       44059           -6128        87.0%
INFO     :          58       44112           -6149        87.0%
INFO     :          59       43855           -5988        88.6%
INFO     :          60       43678           -5921        88.6%
INFO     :          61       43830           -5885        88.6%
INFO     :          62       43862           -6323        88.9%
INFO     :          63       43743           -5885        89.5%
INFO     :          64       43988           -5885        90.2%
INFO     :          65       44020           -6314        90.9%
INFO     :          66       44005           -6361        91.7%
INFO     :          67       44469           -6361        91.7%
INFO     :          68       44481           -5932        91.8%
INFO     :          69       44521           -6298        92.2%
INFO     :          70       44781           -5932        92.7%
INFO     :          71       44622           -6298        93.5%
INFO     :          72       44930           -6254        94.1%
INFO     :          73       42989           -6324        97.2%
INFO     :          74       43184           -6369        98.0%
INFO     :          75       43107           -6800        99.0%
INFO     :          76       42991           -6806        99.6%
INFO     :          77       42951           -6806        99.8%
INFO     :          78       43013           -6813        99.8%
INFO     :          79       43065           -6813        99.8%
INFO     : Starting Annealer
            ----------     -------  --------------     -------
             Iteration       WHPWL  Delay Max (ps)     R Limit
            ----------     -------  --------------     -------
INFO     :           0       11976            7715        30.0
INFO     :           1        9792            8259        30.0
INFO     :           2        8212            7418        29.8
INFO     :           3        8150            6736        29.5
INFO     :           4        8120            6498        28.9
INFO     :           5        8348            6498        28.0
INFO     :           6        8169            6498        26.9
INFO     :           7        7889            6506        25.7
INFO     :           8        7604            6342        24.4
INFO     :           9        7565            6374        23.3
INFO     :          10        7441            6255        22.0
INFO     :          11        7303            6114        20.8
INFO     :          12        7365            5505        19.6
INFO     :          13        7333            5505        18.5
INFO     :          14        7223            5685        17.4
INFO     :          15        7315            5209        16.3
INFO     :          16        7207            5391        15.2
INFO     :          17        7374            5208        14.3
INFO     :          18        7517            5238        13.3
INFO     :          19        7564            5144        12.4
INFO     :          20        7545            5257        11.6
INFO     :          21        7387            5236        10.8
INFO     :          22        7321            5219        10.0
INFO     :          23        7154            5131         9.2
INFO     :          24        7171            4945         8.6
INFO     :          25        7161            4974         7.9
INFO     :          26        7150            4940         7.3
INFO     :          27        7279            4969         6.8
INFO     :          28        7157            4969         6.2
INFO     :          29        7176            4969         5.8
INFO     :          30        7139            5138         5.3
INFO     :          31        7147            5185         4.9
INFO     :          32        7131            5324         4.5
INFO     :          33        7042            5126         4.1
INFO     :          34        6868            5126         3.8
INFO     :          35        6890            5138         3.5
INFO     :          36        6930            4932         3.2
INFO     :          37        6859            5025         3.0
INFO     :          38        6784            4909         2.8
INFO     :          39        6916            4909         2.5
INFO     :          40        6940            5110         2.4
INFO     :          41        6786            4915         2.2
INFO     :          42        6699            4748         2.0
INFO     :          43        6705            4863         1.9
INFO     :          44        6746            4692         1.7
INFO     :          45        6779            4583         1.6
INFO     :          46        6712            4747         1.5
INFO     :          47        6693            4715         1.3
INFO     : Placement successful: 1735 cells are placed
INFO     : Peak congestion smeared over 4x4 of the chip is 0.288388 at 97,213
INFO     : Peak congestion smeared over 1/16 of the chip is 0.204938 at 37,192
INFO     : Peak congestion smeared over 1/4 of the chip is 0.0999372 at 65,184
INFO     : Congestion-weighted HPWL per net: 10.5108
INFO     : Reading placement constraints from 'outflow/spinalnn_benchmark.qplace'.
INFO     : Finished Realigning Types (275 blocks needed type change)
INFO     : Completed placement consistency check successfully.
INFO     : Successfully created FPGA place file 'outflow/spinalnn_benchmark.place'
INFO     : Placement took 2.994983597 seconds [FlowMsg::StageDuration]
INFO     :     Placement took 9.24 seconds (approximately) in total CPU time [FlowMsg::StageDuration::CPUTime]
INFO     : Placement virtual memory usage: begin = 266.128 MB, end = 352.452 MB, delta = 86.324 MB [FlowMsg::VMUsage]
INFO     : Placement resident set memory usage: begin = 130.112 MB, end = 167.612 MB, delta = 37.5 MB [FlowMsg::RSSUsage]
INFO     :     Placement peak resident set memory usage = 167.612 MB [FlowMsg::RSSUsage::Peak]
           ***** Ending stage placement *****
           
