INFO     : Efinix FPGA Synthesis.
INFO     : Version: 2025.2.288.2.10
INFO     : Compiled: Dec 18 2025.
INFO     : 
INFO     : Copyright (C) 2013 - 2025 Efinix, Inc. All rights reserved.

INFO     : Reading project database "/home/curtis-button/projects/spinalnn/benchmark/spinalnn_benchmark.xml" [FlowMsg::ProjectDatabaseReading]
INFO     : Analyzing Verilog file '/home/curtis-button/eda/efinity/2025.2/sim_models/maplib/efinix_peri_lib.v' [VERI-1482]
INFO     : /home/curtis-button/eda/efinity/2025.2/sim_models/maplib/efinix_peri_lib.v(8): compiling module 'EFX_IBUF' [VERI-1018]
INFO     : /home/curtis-button/eda/efinity/2025.2/sim_models/maplib/efinix_peri_lib.v(16): compiling module 'EFX_OBUF' [VERI-1018]
INFO     : /home/curtis-button/eda/efinity/2025.2/sim_models/maplib/efinix_peri_lib.v(23): compiling module 'EFX_IO_BUF' [VERI-1018]
INFO     : /home/curtis-button/eda/efinity/2025.2/sim_models/maplib/efinix_peri_lib.v(33): compiling module 'EFX_CLKOUT' [VERI-1018]
INFO     : /home/curtis-button/eda/efinity/2025.2/sim_models/maplib/efinix_peri_lib.v(41): compiling module 'EFX_IREG' [VERI-1018]
INFO     : /home/curtis-button/eda/efinity/2025.2/sim_models/maplib/efinix_peri_lib.v(51): compiling module 'EFX_OREG' [VERI-1018]
INFO     : /home/curtis-button/eda/efinity/2025.2/sim_models/maplib/efinix_peri_lib.v(60): compiling module 'EFX_IOREG' [VERI-1018]
INFO     : /home/curtis-button/eda/efinity/2025.2/sim_models/maplib/efinix_peri_lib.v(75): compiling module 'EFX_IDDIO' [VERI-1018]
INFO     : /home/curtis-button/eda/efinity/2025.2/sim_models/maplib/efinix_peri_lib.v(87): compiling module 'EFX_ODDIO' [VERI-1018]
INFO     : /home/curtis-button/eda/efinity/2025.2/sim_models/maplib/efinix_peri_lib.v(99): compiling module 'EFX_GPIO_V1' [VERI-1018]
INFO     : /home/curtis-button/eda/efinity/2025.2/sim_models/maplib/efinix_peri_lib.v(124): compiling module 'EFX_GPIO_V2' [VERI-1018]
INFO     : /home/curtis-button/eda/efinity/2025.2/sim_models/maplib/efinix_peri_lib.v(149): compiling module 'EFX_GPIO_V3' [VERI-1018]
INFO     : /home/curtis-button/eda/efinity/2025.2/sim_models/maplib/efinix_peri_lib.v(186): compiling module 'EFX_PLL_V1' [VERI-1018]
INFO     : /home/curtis-button/eda/efinity/2025.2/sim_models/maplib/efinix_peri_lib.v(205): compiling module 'EFX_PLL_V2' [VERI-1018]
INFO     : /home/curtis-button/eda/efinity/2025.2/sim_models/maplib/efinix_peri_lib.v(231): compiling module 'EFX_PLL_V3' [VERI-1018]
INFO     : /home/curtis-button/eda/efinity/2025.2/sim_models/maplib/efinix_peri_lib.v(279): compiling module 'EFX_OSC_V1' [VERI-1018]
INFO     : /home/curtis-button/eda/efinity/2025.2/sim_models/maplib/efinix_peri_lib.v(285): compiling module 'EFX_OSC_V3' [VERI-1018]
INFO     : /home/curtis-button/eda/efinity/2025.2/sim_models/maplib/efinix_peri_lib.v(294): compiling module 'EFX_FPLL_V1' [VERI-1018]
INFO     : /home/curtis-button/eda/efinity/2025.2/sim_models/maplib/efinix_peri_lib.v(348): compiling module 'EFX_JTAG_V1' [VERI-1018]
INFO     : /home/curtis-button/eda/efinity/2025.2/sim_models/maplib/efinix_peri_lib.v(357): compiling module 'EFX_JTAG_CTRL' [VERI-1018]
INFO     : /home/curtis-button/eda/efinity/2025.2/sim_models/maplib/efinix_peri_lib.v(364): compiling module 'EFX_LVDS_RX_V1' [VERI-1018]
INFO     : /home/curtis-button/eda/efinity/2025.2/sim_models/maplib/efinix_peri_lib.v(381): compiling module 'EFX_LVDS_TX_V1' [VERI-1018]
INFO     : /home/curtis-button/eda/efinity/2025.2/sim_models/maplib/efinix_peri_lib.v(399): compiling module 'EFX_LVDS_RX_V2' [VERI-1018]
INFO     : /home/curtis-button/eda/efinity/2025.2/sim_models/maplib/efinix_peri_lib.v(426): compiling module 'EFX_LVDS_TX_V2' [VERI-1018]
INFO     : /home/curtis-button/eda/efinity/2025.2/sim_models/maplib/efinix_peri_lib.v(446): compiling module 'EFX_LVDS_BIDIR_V2' [VERI-1018]
INFO     : /home/curtis-button/eda/efinity/2025.2/sim_models/maplib/efinix_peri_lib.v(485): compiling module 'EFX_MIPI_TX_LN_V1' [VERI-1018]
INFO     : /home/curtis-button/eda/efinity/2025.2/sim_models/maplib/efinix_peri_lib.v(508): compiling module 'EFX_MIPI_RX_LN_V1' [VERI-1018]
INFO     : /home/curtis-button/eda/efinity/2025.2/sim_models/maplib/efinix_peri_lib.v(543): compiling module 'EFX_MIPI_RX_CLK_LN_V1' [VERI-1018]
INFO     : Reading project database "/home/curtis-button/projects/spinalnn/benchmark/spinalnn_benchmark.xml" [FlowMsg::ProjectDatabaseReading]
INFO     : ***** Beginning Analysis ... *****
INFO     : default VHDL library search path is now "/home/curtis-button/eda/efinity/2025.2/sim_models/vhdl/packages/vhdl_2008" [VHDL-1504]
INFO     : Analyzing Verilog file '/home/curtis-button/eda/efinity/2025.2/sim_models/maplib/efinix_maplib.v' [VERI-1482]
INFO     : Analyzing Verilog file '/home/curtis-button/eda/efinity/2025.2/sim_models/maplib/efinix_peri_lib.v' [VERI-1482]
INFO     : Analyzing Verilog file '/home/curtis-button/eda/efinity/2025.2/sim_models/maplib/efinix_maplib.v' [VERI-1482]
INFO     : Analyzing Verilog file '/home/curtis-button/eda/efinity/2025.2/sim_models/maplib/efinix_peri_lib.v' [VERI-1482]
INFO     : Analyzing Verilog file '/home/curtis-button/projects/spinalnn/rtl/flat/SpinalNNTop.v' [VERI-1482]
INFO     : Analysis took 0.011087852 seconds [FlowMsg::StageDuration]
INFO     :     Analysis took 0.01 seconds (approximately) in total CPU time [FlowMsg::StageDuration::CPUTime]
INFO     : Analysis virtual memory usage: begin = 131.66 MB, end = 132.684 MB, delta = 1.024 MB [FlowMsg::VMUsage]
INFO     : Analysis resident set memory usage: begin = 74.54 MB, end = 76.272 MB, delta = 1.732 MB [FlowMsg::RSSUsage]
INFO     :     Analysis peak resident set memory usage = 76.272 MB [FlowMsg::RSSUsage::Peak]
INFO     : ***** Ending Analysis ... *****
INFO     : ***** Beginning Elaboration ... *****
INFO     : /home/curtis-button/projects/spinalnn/rtl/flat/SpinalNNTop.v(6): compiling module 'SpinalNNTop' [VERI-1018]
INFO     : /home/curtis-button/projects/spinalnn/rtl/flat/SpinalNNTop.v(530): extracting RAM for identifier 'conv1_inputBuf_0' [VERI-2571]
INFO     : /home/curtis-button/projects/spinalnn/rtl/flat/SpinalNNTop.v(531): extracting RAM for identifier 'conv1_weightRom_0' [VERI-2571]
INFO     : /home/curtis-button/projects/spinalnn/rtl/flat/SpinalNNTop.v(532): extracting RAM for identifier 'conv1_biasRom' [VERI-2571]
INFO     : /home/curtis-button/projects/spinalnn/rtl/flat/SpinalNNTop.v(533): extracting RAM for identifier 'pool1_inputBuf' [VERI-2571]
INFO     : /home/curtis-button/projects/spinalnn/rtl/flat/SpinalNNTop.v(534): extracting RAM for identifier 'conv2_inputBuf_0' [VERI-2571]
INFO     : /home/curtis-button/projects/spinalnn/rtl/flat/SpinalNNTop.v(535): extracting RAM for identifier 'conv2_weightRom_0' [VERI-2571]
INFO     : /home/curtis-button/projects/spinalnn/rtl/flat/SpinalNNTop.v(536): extracting RAM for identifier 'conv2_biasRom' [VERI-2571]
INFO     : /home/curtis-button/projects/spinalnn/rtl/flat/SpinalNNTop.v(537): extracting RAM for identifier 'pool2_inputBuf' [VERI-2571]
INFO     : /home/curtis-button/projects/spinalnn/rtl/flat/SpinalNNTop.v(538): extracting RAM for identifier 'linear1_inputBuf' [VERI-2571]
INFO     : /home/curtis-button/projects/spinalnn/rtl/flat/SpinalNNTop.v(539): extracting RAM for identifier 'linear1_weightRom' [VERI-2571]
INFO     : /home/curtis-button/projects/spinalnn/rtl/flat/SpinalNNTop.v(540): extracting RAM for identifier 'linear1_biasRom' [VERI-2571]
WARNING  : /home/curtis-button/projects/spinalnn/rtl/flat/SpinalNNTop.v(531): net 'conv1_weightRom_0' does not have a driver [VDB-1002]
WARNING  : /home/curtis-button/projects/spinalnn/rtl/flat/SpinalNNTop.v(532): net 'conv1_biasRom' does not have a driver [VDB-1002]
WARNING  : /home/curtis-button/projects/spinalnn/rtl/flat/SpinalNNTop.v(535): net 'conv2_weightRom_0' does not have a driver [VDB-1002]
WARNING  : /home/curtis-button/projects/spinalnn/rtl/flat/SpinalNNTop.v(536): net 'conv2_biasRom' does not have a driver [VDB-1002]
WARNING  : /home/curtis-button/projects/spinalnn/rtl/flat/SpinalNNTop.v(539): net 'linear1_weightRom' does not have a driver [VDB-1002]
WARNING  : /home/curtis-button/projects/spinalnn/rtl/flat/SpinalNNTop.v(540): net 'linear1_biasRom' does not have a driver [VDB-1002]
INFO     : Elaboration took 0.033654167 seconds [FlowMsg::StageDuration]
INFO     :     Elaboration took 0.03 seconds (approximately) in total CPU time [FlowMsg::StageDuration::CPUTime]
INFO     : Elaboration virtual memory usage: begin = 132.684 MB, end = 143.948 MB, delta = 11.264 MB [FlowMsg::VMUsage]
INFO     : Elaboration resident set memory usage: begin = 76.272 MB, end = 89.116 MB, delta = 12.844 MB [FlowMsg::RSSUsage]
INFO     :     Elaboration peak resident set memory usage = 89.116 MB [FlowMsg::RSSUsage::Peak]
INFO     : ***** Ending Elaboration ... *****
INFO     : ... Setting Synthesis Option: mode=speed
INFO     : ***** Beginning Reading Mapping Library ... *****
INFO     : Analyzing Verilog file '/home/curtis-button/eda/efinity/2025.2/sim_models/maplib/efinix_maplib.v' [VERI-1482]
INFO     : /home/curtis-button/eda/efinity/2025.2/sim_models/maplib/efinix_maplib.v(8): compiling module 'EFX_ADD' [VERI-1018]
INFO     : /home/curtis-button/eda/efinity/2025.2/sim_models/maplib/efinix_maplib.v(21): compiling module 'EFX_FF' [VERI-1018]
INFO     : /home/curtis-button/eda/efinity/2025.2/sim_models/maplib/efinix_maplib.v(38): compiling module 'EFX_COMB4' [VERI-1018]
INFO     : /home/curtis-button/eda/efinity/2025.2/sim_models/maplib/efinix_maplib.v(48): compiling module 'EFX_GBUFCE' [VERI-1018]
INFO     : /home/curtis-button/eda/efinity/2025.2/sim_models/maplib/efinix_maplib.v(57): compiling module 'EFX_LUT4' [VERI-1018]
INFO     : /home/curtis-button/eda/efinity/2025.2/sim_models/maplib/efinix_maplib.v(65): compiling module 'EFX_MULT' [VERI-1018]
INFO     : /home/curtis-button/eda/efinity/2025.2/sim_models/maplib/efinix_maplib.v(100): compiling module 'EFX_DSP48' [VERI-1018]
INFO     : /home/curtis-button/eda/efinity/2025.2/sim_models/maplib/efinix_maplib.v(156): compiling module 'EFX_DSP24' [VERI-1018]
INFO     : /home/curtis-button/eda/efinity/2025.2/sim_models/maplib/efinix_maplib.v(209): compiling module 'EFX_DSP12' [VERI-1018]
INFO     : /home/curtis-button/eda/efinity/2025.2/sim_models/maplib/efinix_maplib.v(262): compiling module 'EFX_RAM_4K' [VERI-1018]
INFO     : /home/curtis-button/eda/efinity/2025.2/sim_models/maplib/efinix_maplib.v(322): compiling module 'EFX_RAM_5K' [VERI-1018]
INFO     : /home/curtis-button/eda/efinity/2025.2/sim_models/maplib/efinix_maplib.v(394): compiling module 'EFX_DPRAM_5K' [VERI-1018]
INFO     : /home/curtis-button/eda/efinity/2025.2/sim_models/maplib/efinix_maplib.v(499): compiling module 'RAMB5' [VERI-1018]
INFO     : /home/curtis-button/eda/efinity/2025.2/sim_models/maplib/efinix_maplib.v(561): compiling module 'EFX_RAM_10K' [VERI-1018]
INFO     : /home/curtis-button/eda/efinity/2025.2/sim_models/maplib/efinix_maplib.v(653): compiling module 'EFX_RAM10' [VERI-1018]
INFO     : /home/curtis-button/eda/efinity/2025.2/sim_models/maplib/efinix_maplib.v(754): compiling module 'EFX_DPRAM10' [VERI-1018]
INFO     : /home/curtis-button/eda/efinity/2025.2/sim_models/maplib/efinix_maplib.v(884): compiling module 'EFX_SRL8' [VERI-1018]
INFO     : Reading Mapping Library took 0.005626278 seconds [FlowMsg::StageDuration]
INFO     :     Reading Mapping Library took 0.01 seconds (approximately) in total CPU time [FlowMsg::StageDuration::CPUTime]
INFO     : Reading Mapping Library virtual memory usage: begin = 143.948 MB, end = 143.948 MB, delta = 0 MB [FlowMsg::VMUsage]
INFO     : Reading Mapping Library resident set memory usage: begin = 89.88 MB, end = 89.88 MB, delta = 0 MB [FlowMsg::RSSUsage]
INFO     :     Reading Mapping Library peak resident set memory usage = 89.88 MB [FlowMsg::RSSUsage::Peak]
INFO     : ***** Ending Reading Mapping Library ... *****
INFO     : ... Pre-synthesis checks begin
WARNING  : Removing redundant signal : _zz_conv1_inputBuf_0_port. (/home/curtis-button/projects/spinalnn/rtl/flat/SpinalNNTop.v:28) [EFX-0200]
WARNING  : Removing redundant signal : _zz_conv1_weightRom_0_port. (/home/curtis-button/projects/spinalnn/rtl/flat/SpinalNNTop.v:30) [EFX-0200]
WARNING  : Removing redundant signal : _zz_conv1_accumReg_2[2]. (/home/curtis-button/projects/spinalnn/rtl/flat/SpinalNNTop.v:33) [EFX-0200]
WARNING  : Removing redundant signal : _zz_conv1_accumReg_2[1]. (/home/curtis-button/projects/spinalnn/rtl/flat/SpinalNNTop.v:33) [EFX-0200]
WARNING  : Removing redundant signal : _zz_conv1_accumReg_2[0]. (/home/curtis-button/projects/spinalnn/rtl/flat/SpinalNNTop.v:33) [EFX-0200]
WARNING  : Removing redundant signal : _zz_pool1_inputBuf_port. (/home/curtis-button/projects/spinalnn/rtl/flat/SpinalNNTop.v:79) [EFX-0200]
WARNING  : Removing redundant signal : _zz_conv2_inputBuf_0_port. (/home/curtis-button/projects/spinalnn/rtl/flat/SpinalNNTop.v:107) [EFX-0200]
WARNING  : Removing redundant signal : _zz_conv2_weightRom_0_port. (/home/curtis-button/projects/spinalnn/rtl/flat/SpinalNNTop.v:109) [EFX-0200]
WARNING  : Removing redundant signal : _zz_conv2_accumReg_2[3]. (/home/curtis-button/projects/spinalnn/rtl/flat/SpinalNNTop.v:112) [EFX-0200]
WARNING  : Removing redundant signal : _zz_conv2_accumReg_2[2]. (/home/curtis-button/projects/spinalnn/rtl/flat/SpinalNNTop.v:112) [EFX-0200]
WARNING  : Removing redundant signal : _zz_conv2_accumReg_2[1]. (/home/curtis-button/projects/spinalnn/rtl/flat/SpinalNNTop.v:112) [EFX-0200]
WARNING  : Removing redundant signal : _zz_conv2_accumReg_2[0]. (/home/curtis-button/projects/spinalnn/rtl/flat/SpinalNNTop.v:112) [EFX-0200]
WARNING  : Removing redundant signal : _zz_pool2_inputBuf_port. (/home/curtis-button/projects/spinalnn/rtl/flat/SpinalNNTop.v:158) [EFX-0200]
WARNING  : Removing redundant signal : _zz_linear1_inputBuf_port. (/home/curtis-button/projects/spinalnn/rtl/flat/SpinalNNTop.v:191) [EFX-0200]
WARNING  : Removing redundant signal : _zz_linear1_weightRom_port. (/home/curtis-button/projects/spinalnn/rtl/flat/SpinalNNTop.v:193) [EFX-0200]
INFO     : ... Memory 'conv1_inputBuf_0' is not initialized, assuming empty initial contents. (/home/curtis-button/projects/spinalnn/rtl/flat/SpinalNNTop.v:530) [EFX-0677]
INFO     : ... Memory 'pool1_inputBuf' is not initialized, assuming empty initial contents. (/home/curtis-button/projects/spinalnn/rtl/flat/SpinalNNTop.v:533) [EFX-0677]
INFO     : ... Memory 'conv2_inputBuf_0' is not initialized, assuming empty initial contents. (/home/curtis-button/projects/spinalnn/rtl/flat/SpinalNNTop.v:534) [EFX-0677]
INFO     : ... Memory 'pool2_inputBuf' is not initialized, assuming empty initial contents. (/home/curtis-button/projects/spinalnn/rtl/flat/SpinalNNTop.v:537) [EFX-0677]
INFO     : ... Memory 'linear1_inputBuf' is not initialized, assuming empty initial contents. (/home/curtis-button/projects/spinalnn/rtl/flat/SpinalNNTop.v:538) [EFX-0677]
INFO     : ... Pre-synthesis checks end (Real time : 0s CPU user time : 0s CPU sys time : 0s MEM : 90072KB)
INFO     : ... NameSpace init begin
INFO     : ... NameSpace init end (Real time : 0s CPU user time : 0s CPU sys time : 0s MEM : 90072KB)
INFO     : ... Mapping design "SpinalNNTop"
INFO     : ... Hierarchical pre-synthesis "SpinalNNTop" begin
WARNING  : Mapping into logic memory block 'conv1_biasRom' (256 bits) (/home/curtis-button/projects/spinalnn/rtl/flat/SpinalNNTop.v:532) because read port is not synchronous. [EFX-0657]
WARNING  : Mapping into logic memory block 'conv2_biasRom' (512 bits) (/home/curtis-button/projects/spinalnn/rtl/flat/SpinalNNTop.v:536) because read port is not synchronous. [EFX-0657]
WARNING  : Mapping into logic memory block 'linear1_biasRom' (320 bits) (/home/curtis-button/projects/spinalnn/rtl/flat/SpinalNNTop.v:540) because read port is not synchronous. [EFX-0657]
INFO     : ... Clock Enable Synthesis Performed on 256 flops.
INFO     : ... Hierarchical pre-synthesis "SpinalNNTop" end (Real time : 0s CPU user time : 0s CPU sys time : 0s MEM : 97436KB)
INFO     : ... Flat optimizations begin
INFO     : ... Flat optimizations end (Real time : 0s CPU user time : 0s CPU sys time : 0s MEM : 97436KB)
INFO     : ... Flat synthesis begin
INFO     : ... Flat synthesis end (Real time : 0s CPU user time : 0s CPU sys time : 0s MEM : 97436KB)
INFO     : ... Flat optimizations begin
INFO     : ... Flat optimizations end (Real time : 0s CPU user time : 0s CPU sys time : 0s MEM : 97436KB)
INFO     : ... Check and break combinational loops begin
INFO     : ... Check and break combinational loops end (Real time : 0s CPU user time : 0s CPU sys time : 0s MEM : 97436KB)
INFO     : ... Sequential Optimization begin
INFO     : ... Clock Network 'clk' with 1295 loads will be considered for sequential optimization.
INFO     : ... Sequential Optimization deduced 279 equivalent points.
INFO     : ... Sequential Optimization end (Real time : 1s CPU user time : 1s CPU sys time : 0s MEM : 125628KB)
INFO     : ... Setup for logic synthesis begin
INFO     : ... Setup for logic synthesis end (Real time : 0s CPU user time : 1s CPU sys time : 0s MEM : 125628KB)
INFO     : ... LUT mapping begin
INFO     : ... LS, strategy: 3, nd: 819, ed: 2549, lv: 4, pw: 2857.10
INFO     : ... LUT mapping end (Real time : 1s CPU user time : 2s CPU sys time : 0s MEM : 184080KB)
INFO     : ... Post-synthesis Verific netlist creation begin
INFO     : ... Post-synthesis Verific netlist creation end (Real time : 0s CPU user time : 2s CPU sys time : 0s MEM : 184080KB)
INFO     : ... Postmap Retiming Optimization begin
INFO     : ... Clock Network 'clk~clk' with 1285 loads will be considered for retiming optimization.
INFO     : ... Performed 2 retime moves.
INFO     : ... Postmap Retiming Optimization end (Real time : 0s CPU user time : 3s CPU sys time : 0s MEM : 184080KB)
INFO     : ***** Beginning VDB Netlist Checker ... *****
INFO     : VDB Netlist Checker took 0.002467089 seconds [FlowMsg::StageDuration]
INFO     :     VDB Netlist Checker took 0 seconds (approximately) in total CPU time [FlowMsg::StageDuration::CPUTime]
INFO     : VDB Netlist Checker virtual memory usage: begin = 336.524 MB, end = 336.524 MB, delta = 0 MB [FlowMsg::VMUsage]
INFO     : VDB Netlist Checker resident set memory usage: begin = 132.56 MB, end = 132.772 MB, delta = 0.212 MB [FlowMsg::RSSUsage]
INFO     :     VDB Netlist Checker peak resident set memory usage = 184.08 MB [FlowMsg::RSSUsage::Peak]
INFO     : ***** Ending VDB Netlist Checker ... *****
INFO     : Resource Summary 
INFO     : =============================== 
INFO     : EFX_ADD         : 	812
INFO     : EFX_LUT4        : 	818
INFO     : EFX_MULT        : 	18
INFO     : EFX_FF          : 	704
INFO     : EFX_RAM_5K      : 	35
INFO     : EFX_GBUFCE      : 	1
INFO     : =============================== 
INFO     : ... Post-Map Verilog Writer begin
INFO     : Writing netlist 'SpinalNNTop' to Verilog file 'outflow/spinalnn_benchmark.map.v' [VDB-1030]
INFO     : ... Post-Map Verilog Writer end (Real time : 0s CPU user time : 3s CPU sys time : 0s MEM : 184080KB)
INFO     : The entire flow of EFX_MAP took 2.929028732 seconds [FlowMsg::StageDuration]
INFO     :     The entire flow of EFX_MAP took 3.33 seconds (approximately) in total CPU time [FlowMsg::StageDuration::CPUTime]
INFO     : The entire flow of EFX_MAP virtual memory usage: begin = 94.476 MB, end = 336.524 MB, delta = 242.048 MB [FlowMsg::VMUsage]
INFO     : The entire flow of EFX_MAP resident set memory usage: begin = 29.692 MB, end = 139.652 MB, delta = 109.96 MB [FlowMsg::RSSUsage]
INFO     :     The entire flow of EFX_MAP peak resident set memory usage = 184.08 MB [FlowMsg::RSSUsage::Peak]
