Efinity Synthesis report for project spinalnn_benchmark
Version: 2025.2.288.2.10
Generated at: Jun 03, 2026 21:49:56
Copyright (C) 2013 - 2025  All rights reserved.

Top-level Entity Name : SpinalNNTop

family : Trion
device : T20F169
project : spinalnn_benchmark
root : SpinalNNTop
binary-db : outflow/spinalnn_benchmark.vdb
insert-ios : 0
max-carry-cascade : 240
max_mult : -1
max_ram : -1
mode : speed
output-dir : outflow
project : spinalnn_benchmark
project-xml : /home/curtis-button/projects/spinalnn/benchmark/spinalnn_benchmark.xml
root : SpinalNNTop
work-dir : work_syn
write-efx-verilog : outflow/spinalnn_benchmark.map.v

File List:

/home/curtis-button/projects/spinalnn/rtl/flat/SpinalNNTop.v,t:verilog_2k

### ### Report Section Start ### ###

"MEM|SYN-0677" : ... Memory 'conv1_inputBuf_0' is not initialized, assuming empty initial contents. (/home/curtis-button/projects/spinalnn/rtl/flat/SpinalNNTop.v:530)
"MEM|SYN-0677" : ... Memory 'pool1_inputBuf' is not initialized, assuming empty initial contents. (/home/curtis-button/projects/spinalnn/rtl/flat/SpinalNNTop.v:533)
"MEM|SYN-0677" : ... Memory 'conv2_inputBuf_0' is not initialized, assuming empty initial contents. (/home/curtis-button/projects/spinalnn/rtl/flat/SpinalNNTop.v:534)
"MEM|SYN-0677" : ... Memory 'pool2_inputBuf' is not initialized, assuming empty initial contents. (/home/curtis-button/projects/spinalnn/rtl/flat/SpinalNNTop.v:537)
"MEM|SYN-0677" : ... Memory 'linear1_inputBuf' is not initialized, assuming empty initial contents. (/home/curtis-button/projects/spinalnn/rtl/flat/SpinalNNTop.v:538)
"MEM|SYN-0657" : Mapping into logic memory block 'conv1_biasRom' (256 bits) (/home/curtis-button/projects/spinalnn/rtl/flat/SpinalNNTop.v:532) because read port is not synchronous.
"MEM|SYN-0657" : Mapping into logic memory block 'conv2_biasRom' (512 bits) (/home/curtis-button/projects/spinalnn/rtl/flat/SpinalNNTop.v:536) because read port is not synchronous.
"MEM|SYN-0657" : Mapping into logic memory block 'linear1_biasRom' (320 bits) (/home/curtis-button/projects/spinalnn/rtl/flat/SpinalNNTop.v:540) because read port is not synchronous.

### ### EFX_FF CE enables (begin) ### ### ###
Total number of enable signals: 45
Total number of FFs with enable signals: 676
CE signal <ceg_net43>, number of controlling flip flops: 25
CE signal <ceg_net2>, number of controlling flip flops: 32
CE signal <ceg_net5>, number of controlling flip flops: 5
CE signal <~ceg_net16>, number of controlling flip flops: 8
CE signal <ceg_net7>, number of controlling flip flops: 3
CE signal <ceg_net62>, number of controlling flip flops: 56
CE signal <ceg_net14>, number of controlling flip flops: 57
CE signal <ceg_net15>, number of controlling flip flops: 25
CE signal <ceg_net10>, number of controlling flip flops: 28
CE signal <conv1_activationOut_fire>, number of controlling flip flops: 13
CE signal <pool2_activationOut_fire>, number of controlling flip flops: 8
CE signal <ceg_net42>, number of controlling flip flops: 57
CE signal <io_activationIn_fire>, number of controlling flip flops: 10
CE signal <pool1_activationOut_fire>, number of controlling flip flops: 11
CE signal <ceg_net24>, number of controlling flip flops: 4
CE signal <ceg_net26>, number of controlling flip flops: 21
CE signal <ceg_net28>, number of controlling flip flops: 5
CE signal <ceg_net30>, number of controlling flip flops: 5
CE signal <n13921>, number of controlling flip flops: 32
CE signal <ceg_net12>, number of controlling flip flops: 1
CE signal <ceg_net32>, number of controlling flip flops: 32
CE signal <ceg_net35>, number of controlling flip flops: 4
CE signal <ceg_net141>, number of controlling flip flops: 8
CE signal <ceg_net52>, number of controlling flip flops: 4
CE signal <pool1_computeReg>, number of controlling flip flops: 8
CE signal <~ceg_net44>, number of controlling flip flops: 8
CE signal <ceg_net54>, number of controlling flip flops: 3
CE signal <ceg_net56>, number of controlling flip flops: 3
CE signal <ceg_net73>, number of controlling flip flops: 4
CE signal <n13964>, number of controlling flip flops: 32
CE signal <ceg_net75>, number of controlling flip flops: 8
CE signal <ceg_net40>, number of controlling flip flops: 1
CE signal <ceg_net77>, number of controlling flip flops: 32
CE signal <conv2_activationOut_fire>, number of controlling flip flops: 10
CE signal <ceg_net143>, number of controlling flip flops: 8
CE signal <pool2_computeReg>, number of controlling flip flops: 8
CE signal <~ceg_net64>, number of controlling flip flops: 8
CE signal <ceg_net81>, number of controlling flip flops: 4
CE signal <ceg_net83>, number of controlling flip flops: 9
CE signal <linear1_activationOut_fire>, number of controlling flip flops: 4
CE signal <n14000>, number of controlling flip flops: 32
CE signal <ceg_net60>, number of controlling flip flops: 1
CE signal <ceg_net86>, number of controlling flip flops: 1
CE signal <ceg_net88>, number of controlling flip flops: 12
CE signal <ceg_net63>, number of controlling flip flops: 26
### ### EFX_FF CE enables (end) ### ### ###

### ### EFX_FF SR set/reset (begin) ### ### ###
Total number of set/reset signals: 1
Total number of FFs with set/reset signals: 703
SR signal <reset>, number of controlling flip flops: 703
### ### EFX_FF SR set/reset (end) ### ### ###

### ### Sequential Elements Trimming Report (begin) ### ### ### 
FF|OPT : Flip-flop optimization by equivalence checking
@ "/home/curtis-button/projects/spinalnn/rtl/flat/SpinalNNTop.v (1735)" removed instance : dff_887/i19
@ "/home/curtis-button/projects/spinalnn/rtl/flat/SpinalNNTop.v (1735)" representative instance : dff_887/i18
FF|OPT : Flip-flop optimization by equivalence checking
@ "/home/curtis-button/projects/spinalnn/rtl/flat/SpinalNNTop.v (1735)" removed instance : dff_887/i20
@ "/home/curtis-button/projects/spinalnn/rtl/flat/SpinalNNTop.v (1735)" representative instance : dff_887/i18
FF|OPT : Flip-flop optimization by equivalence checking
@ "/home/curtis-button/projects/spinalnn/rtl/flat/SpinalNNTop.v (1735)" removed instance : dff_887/i21
@ "/home/curtis-button/projects/spinalnn/rtl/flat/SpinalNNTop.v (1735)" representative instance : dff_887/i18
FF|OPT : Flip-flop optimization by equivalence checking
@ "/home/curtis-button/projects/spinalnn/rtl/flat/SpinalNNTop.v (1735)" removed instance : dff_887/i22
@ "/home/curtis-button/projects/spinalnn/rtl/flat/SpinalNNTop.v (1735)" representative instance : dff_887/i18
FF|OPT : Flip-flop optimization by equivalence checking
@ "/home/curtis-button/projects/spinalnn/rtl/flat/SpinalNNTop.v (1735)" removed instance : dff_887/i23
@ "/home/curtis-button/projects/spinalnn/rtl/flat/SpinalNNTop.v (1735)" representative instance : dff_887/i18
FF|OPT : Flip-flop optimization by equivalence checking
@ "/home/curtis-button/projects/spinalnn/rtl/flat/SpinalNNTop.v (1735)" removed instance : dff_887/i24
@ "/home/curtis-button/projects/spinalnn/rtl/flat/SpinalNNTop.v (1735)" representative instance : dff_887/i18
FF|OPT : Flip-flop optimization by equivalence checking
@ "/home/curtis-button/projects/spinalnn/rtl/flat/SpinalNNTop.v (1735)" removed instance : dff_887/i25
@ "/home/curtis-button/projects/spinalnn/rtl/flat/SpinalNNTop.v (1735)" representative instance : dff_887/i18
FF|OPT : Flip-flop optimization by equivalence checking
@ "/home/curtis-button/projects/spinalnn/rtl/flat/SpinalNNTop.v (1735)" removed instance : dff_887/i26
@ "/home/curtis-button/projects/spinalnn/rtl/flat/SpinalNNTop.v (1735)" representative instance : dff_887/i18
FF|OPT : Flip-flop optimization by equivalence checking
@ "/home/curtis-button/projects/spinalnn/rtl/flat/SpinalNNTop.v (1735)" removed instance : dff_887/i27
@ "/home/curtis-button/projects/spinalnn/rtl/flat/SpinalNNTop.v (1735)" representative instance : dff_887/i18
FF|OPT : Flip-flop optimization by equivalence checking
@ "/home/curtis-button/projects/spinalnn/rtl/flat/SpinalNNTop.v (1735)" removed instance : dff_887/i28
@ "/home/curtis-button/projects/spinalnn/rtl/flat/SpinalNNTop.v (1735)" representative instance : dff_887/i18
FF|OPT : Flip-flop optimization by equivalence checking
@ "/home/curtis-button/projects/spinalnn/rtl/flat/SpinalNNTop.v (1735)" removed instance : dff_887/i29
@ "/home/curtis-button/projects/spinalnn/rtl/flat/SpinalNNTop.v (1735)" representative instance : dff_887/i18
FF|OPT : Flip-flop optimization by equivalence checking
@ "/home/curtis-button/projects/spinalnn/rtl/flat/SpinalNNTop.v (1735)" removed instance : dff_887/i30
@ "/home/curtis-button/projects/spinalnn/rtl/flat/SpinalNNTop.v (1735)" representative instance : dff_887/i18
FF|OPT : Flip-flop optimization by equivalence checking
@ "/home/curtis-button/projects/spinalnn/rtl/flat/SpinalNNTop.v (1735)" removed instance : dff_887/i31
@ "/home/curtis-button/projects/spinalnn/rtl/flat/SpinalNNTop.v (1735)" representative instance : dff_887/i18
FF|OPT : Flip-flop optimization by equivalence checking
@ "/home/curtis-button/projects/spinalnn/rtl/flat/SpinalNNTop.v (1735)" removed instance : dff_887/i32
@ "/home/curtis-button/projects/spinalnn/rtl/flat/SpinalNNTop.v (1735)" representative instance : dff_887/i18
FF|OPT : Flip-flop optimization by equivalence checking
@ "/home/curtis-button/projects/spinalnn/rtl/flat/SpinalNNTop.v (1735)" removed instance : dff_919/i19
@ "/home/curtis-button/projects/spinalnn/rtl/flat/SpinalNNTop.v (1735)" representative instance : dff_919/i18
FF|OPT : Flip-flop optimization by equivalence checking
@ "/home/curtis-button/projects/spinalnn/rtl/flat/SpinalNNTop.v (1735)" removed instance : dff_919/i20
@ "/home/curtis-button/projects/spinalnn/rtl/flat/SpinalNNTop.v (1735)" representative instance : dff_919/i18
FF|OPT : Flip-flop optimization by equivalence checking
@ "/home/curtis-button/projects/spinalnn/rtl/flat/SpinalNNTop.v (1735)" removed instance : dff_919/i21
@ "/home/curtis-button/projects/spinalnn/rtl/flat/SpinalNNTop.v (1735)" representative instance : dff_919/i18
FF|OPT : Flip-flop optimization by equivalence checking
@ "/home/curtis-button/projects/spinalnn/rtl/flat/SpinalNNTop.v (1735)" removed instance : dff_919/i22
@ "/home/curtis-button/projects/spinalnn/rtl/flat/SpinalNNTop.v (1735)" representative instance : dff_919/i18
FF|OPT : Flip-flop optimization by equivalence checking
@ "/home/curtis-button/projects/spinalnn/rtl/flat/SpinalNNTop.v (1735)" removed instance : dff_919/i23
@ "/home/curtis-button/projects/spinalnn/rtl/flat/SpinalNNTop.v (1735)" representative instance : dff_919/i18
FF|OPT : Flip-flop optimization by equivalence checking
@ "/home/curtis-button/projects/spinalnn/rtl/flat/SpinalNNTop.v (1735)" removed instance : dff_919/i24
@ "/home/curtis-button/projects/spinalnn/rtl/flat/SpinalNNTop.v (1735)" representative instance : dff_919/i18
FF|OPT : Flip-flop optimization by equivalence checking
@ "/home/curtis-button/projects/spinalnn/rtl/flat/SpinalNNTop.v (1735)" removed instance : dff_919/i25
@ "/home/curtis-button/projects/spinalnn/rtl/flat/SpinalNNTop.v (1735)" representative instance : dff_919/i18
FF|OPT : Flip-flop optimization by equivalence checking
@ "/home/curtis-button/projects/spinalnn/rtl/flat/SpinalNNTop.v (1735)" removed instance : dff_919/i26
@ "/home/curtis-button/projects/spinalnn/rtl/flat/SpinalNNTop.v (1735)" representative instance : dff_919/i18
FF|OPT : Flip-flop optimization by equivalence checking
@ "/home/curtis-button/projects/spinalnn/rtl/flat/SpinalNNTop.v (1735)" removed instance : dff_919/i27
@ "/home/curtis-button/projects/spinalnn/rtl/flat/SpinalNNTop.v (1735)" representative instance : dff_919/i18
FF|OPT : Flip-flop optimization by equivalence checking
@ "/home/curtis-button/projects/spinalnn/rtl/flat/SpinalNNTop.v (1735)" removed instance : dff_919/i28
@ "/home/curtis-button/projects/spinalnn/rtl/flat/SpinalNNTop.v (1735)" representative instance : dff_919/i18
FF|OPT : Flip-flop optimization by equivalence checking
@ "/home/curtis-button/projects/spinalnn/rtl/flat/SpinalNNTop.v (1735)" removed instance : dff_919/i29
@ "/home/curtis-button/projects/spinalnn/rtl/flat/SpinalNNTop.v (1735)" representative instance : dff_919/i18
FF|OPT : Flip-flop optimization by equivalence checking
@ "/home/curtis-button/projects/spinalnn/rtl/flat/SpinalNNTop.v (1735)" removed instance : dff_919/i30
@ "/home/curtis-button/projects/spinalnn/rtl/flat/SpinalNNTop.v (1735)" representative instance : dff_919/i18
FF|OPT : Flip-flop optimization by equivalence checking
@ "/home/curtis-button/projects/spinalnn/rtl/flat/SpinalNNTop.v (1735)" removed instance : dff_919/i31
@ "/home/curtis-button/projects/spinalnn/rtl/flat/SpinalNNTop.v (1735)" representative instance : dff_919/i18
FF|OPT : Flip-flop optimization by equivalence checking
@ "/home/curtis-button/projects/spinalnn/rtl/flat/SpinalNNTop.v (1735)" removed instance : dff_919/i32
@ "/home/curtis-button/projects/spinalnn/rtl/flat/SpinalNNTop.v (1735)" representative instance : dff_919/i18
FF|OPT : Flip-flop optimization by equivalence checking
@ "/home/curtis-button/projects/spinalnn/rtl/flat/SpinalNNTop.v (1735)" removed instance : dff_950/i19
@ "/home/curtis-button/projects/spinalnn/rtl/flat/SpinalNNTop.v (1735)" representative instance : dff_950/i18
FF|OPT : Flip-flop optimization by equivalence checking
@ "/home/curtis-button/projects/spinalnn/rtl/flat/SpinalNNTop.v (1735)" removed instance : dff_950/i20
@ "/home/curtis-button/projects/spinalnn/rtl/flat/SpinalNNTop.v (1735)" representative instance : dff_950/i18
FF|OPT : Flip-flop optimization by equivalence checking
@ "/home/curtis-button/projects/spinalnn/rtl/flat/SpinalNNTop.v (1735)" removed instance : dff_950/i21
@ "/home/curtis-button/projects/spinalnn/rtl/flat/SpinalNNTop.v (1735)" representative instance : dff_950/i18
FF|OPT : Flip-flop optimization by equivalence checking
@ "/home/curtis-button/projects/spinalnn/rtl/flat/SpinalNNTop.v (1735)" removed instance : dff_950/i22
@ "/home/curtis-button/projects/spinalnn/rtl/flat/SpinalNNTop.v (1735)" representative instance : dff_950/i18
FF|OPT : Flip-flop optimization by equivalence checking
@ "/home/curtis-button/projects/spinalnn/rtl/flat/SpinalNNTop.v (1735)" removed instance : dff_950/i23
@ "/home/curtis-button/projects/spinalnn/rtl/flat/SpinalNNTop.v (1735)" representative instance : dff_950/i18
FF|OPT : Flip-flop optimization by equivalence checking
@ "/home/curtis-button/projects/spinalnn/rtl/flat/SpinalNNTop.v (1735)" removed instance : dff_950/i24
@ "/home/curtis-button/projects/spinalnn/rtl/flat/SpinalNNTop.v (1735)" representative instance : dff_950/i18
FF|OPT : Flip-flop optimization by equivalence checking
@ "/home/curtis-button/projects/spinalnn/rtl/flat/SpinalNNTop.v (1735)" removed instance : dff_950/i25
@ "/home/curtis-button/projects/spinalnn/rtl/flat/SpinalNNTop.v (1735)" representative instance : dff_950/i18
FF|OPT : Flip-flop optimization by equivalence checking
@ "/home/curtis-button/projects/spinalnn/rtl/flat/SpinalNNTop.v (1735)" removed instance : dff_950/i26
@ "/home/curtis-button/projects/spinalnn/rtl/flat/SpinalNNTop.v (1735)" representative instance : dff_950/i18
FF|OPT : Flip-flop optimization by equivalence checking
@ "/home/curtis-button/projects/spinalnn/rtl/flat/SpinalNNTop.v (1735)" removed instance : dff_950/i27
@ "/home/curtis-button/projects/spinalnn/rtl/flat/SpinalNNTop.v (1735)" representative instance : dff_950/i18
FF|OPT : Flip-flop optimization by equivalence checking
@ "/home/curtis-button/projects/spinalnn/rtl/flat/SpinalNNTop.v (1735)" removed instance : dff_950/i28
@ "/home/curtis-button/projects/spinalnn/rtl/flat/SpinalNNTop.v (1735)" representative instance : dff_950/i18
FF|OPT : Flip-flop optimization by equivalence checking
@ "/home/curtis-button/projects/spinalnn/rtl/flat/SpinalNNTop.v (1735)" removed instance : dff_950/i29
@ "/home/curtis-button/projects/spinalnn/rtl/flat/SpinalNNTop.v (1735)" representative instance : dff_950/i18
FF|OPT : Flip-flop optimization by equivalence checking
@ "/home/curtis-button/projects/spinalnn/rtl/flat/SpinalNNTop.v (1735)" removed instance : dff_950/i30
@ "/home/curtis-button/projects/spinalnn/rtl/flat/SpinalNNTop.v (1735)" representative instance : dff_950/i18
FF|OPT : Flip-flop optimization by equivalence checking
@ "/home/curtis-button/projects/spinalnn/rtl/flat/SpinalNNTop.v (1735)" removed instance : dff_950/i31
@ "/home/curtis-button/projects/spinalnn/rtl/flat/SpinalNNTop.v (1735)" representative instance : dff_950/i18
FF|OPT : Flip-flop optimization by equivalence checking
@ "/home/curtis-button/projects/spinalnn/rtl/flat/SpinalNNTop.v (1735)" removed instance : dff_950/i32
@ "/home/curtis-button/projects/spinalnn/rtl/flat/SpinalNNTop.v (1735)" representative instance : dff_950/i18
FF|OPT : Flip-flop optimization by equivalence checking
@ "/home/curtis-button/projects/spinalnn/rtl/flat/SpinalNNTop.v (1735)" removed instance : dff_931/i3
@ "/home/curtis-button/projects/spinalnn/rtl/flat/SpinalNNTop.v (1735)" representative instance : dff_932/i3
FF Output: conv2_part2Reg[11](=0)
FF Output: conv2_part2Reg[10](=0)
FF Output: conv1_part2Reg[31](=0)
FF Output: conv1_part2Reg[30](=0)
FF Output: conv1_part2Reg[29](=0)
FF Output: conv1_part2Reg[28](=0)
FF Output: conv1_part2Reg[27](=0)
FF Output: conv1_part2Reg[26](=0)
FF Output: conv1_part2Reg[25](=0)
FF Output: conv1_part2Reg[24](=0)
FF Output: conv1_part2Reg[23](=0)
FF Output: conv1_part2Reg[22](=0)
FF Output: conv1_part2Reg[21](=0)
FF Output: conv1_part2Reg[20](=0)
FF Output: conv1_part2Reg[19](=0)
FF Output: conv1_part2Reg[18](=0)
FF Output: conv1_part2Reg[17](=0)
FF Output: conv1_part2Reg[16](=0)
FF Output: conv1_part2Reg[15](=0)
FF Output: conv1_part2Reg[14](=0)
FF Output: conv1_part2Reg[13](=0)
FF Output: conv1_part2Reg[12](=0)
FF Output: conv1_part2Reg[11](=0)
FF Output: conv1_part2Reg[10](=0)
FF Output: conv1_part2Reg[9](=0)
FF Output: conv1_part2Reg[8](=0)
FF Output: conv1_part2Reg[7](=0)
FF Output: conv1_part2Reg[6](=0)
FF Output: conv1_part2Reg[5](=0)
FF Output: conv1_part2Reg[4](=0)
FF Output: conv1_part2Reg[3](=0)
FF Output: conv1_part2Reg[2](=0)
FF Output: conv1_part2Reg[1](=0)
FF Output: conv1_part1Reg[63](=0)
FF Output: conv1_part1Reg[62](=0)
FF Output: conv1_part1Reg[61](=0)
FF Output: conv1_part1Reg[60](=0)
FF Output: conv1_part1Reg[59](=0)
FF Output: conv1_part1Reg[58](=0)
FF Output: conv1_part1Reg[57](=0)
FF Output: conv1_part1Reg[56](=0)
FF Output: conv1_part1Reg[55](=0)
FF Output: conv1_part1Reg[54](=0)
FF Output: conv1_part1Reg[53](=0)
FF Output: conv1_part1Reg[52](=0)
FF Output: conv1_part1Reg[51](=0)
FF Output: conv1_part1Reg[50](=0)
FF Output: conv1_part1Reg[49](=0)
FF Output: conv2_part2Reg[9](=0)
FF Output: conv2_part2Reg[8](=0)
FF Output: conv2_part1Reg[56](=0)
FF Output: conv2_part2Reg[7](=0)
FF Output: conv2_part2Reg[6](=0)
FF Output: conv2_part2Reg[5](=0)
FF Output: conv2_part1Reg[55](=0)
FF Output: conv2_part2Reg[4](=0)
FF Output: conv2_part2Reg[3](=0)
FF Output: conv2_part1Reg[54](=0)
FF Output: conv2_part2Reg[2](=0)
FF Output: conv2_part2Reg[1](=0)
FF Output: conv2_part1Reg[63](=0)
FF Output: conv2_part1Reg[53](=0)
FF Output: conv2_part1Reg[62](=0)
FF Output: conv2_part1Reg[61](=0)
FF Output: conv2_part1Reg[52](=0)
FF Output: conv2_part1Reg[60](=0)
FF Output: conv2_part1Reg[51](=0)
FF Output: conv2_part1Reg[50](=0)
FF Output: conv2_part1Reg[49](=0)
FF Output: conv2_part1Reg[59](=0)
FF Output: conv2_part1Reg[58](=0)
FF Output: conv2_part1Reg[57](=0)
FF Output: conv1_pLL_Reg[0](=0)
FF Output: conv1_pLH_Reg[0](=0)
FF Output: conv1_pHL_Reg[0](=0)
FF Output: conv1_pHH_Reg[0](=0)
FF Output: conv1_part2Reg[0](=0)
FF Output: conv2_pLL_Reg[0](=0)
FF Output: conv2_pLH_Reg[0](=0)
FF Output: conv2_pHL_Reg[0](=0)
FF Output: conv2_pHH_Reg[0](=0)
FF Output: conv2_part2Reg[0](=0)
FF Output: linear1_pLL_Reg[0](=0)
FF Output: linear1_pLH_Reg[0](=0)
FF Output: linear1_pHL_Reg[0](=0)
FF Output: linear1_pHH_Reg[0](=0)
FF Output: linear1_part2Reg[0](=0)
FF Output: conv2_part2Reg[12](=0)
FF Output: conv2_part2Reg[13](=0)
FF Output: conv2_part2Reg[14](=0)
FF Output: conv2_part2Reg[15](=0)
FF Output: conv2_part2Reg[16](=0)
FF Output: conv2_part2Reg[17](=0)
FF Output: conv2_part2Reg[18](=0)
FF Output: conv2_part2Reg[19](=0)
FF Output: conv2_part2Reg[20](=0)
FF Output: conv2_part2Reg[21](=0)
FF Output: conv2_part2Reg[22](=0)
FF Output: conv2_part2Reg[23](=0)
FF Output: conv2_part2Reg[24](=0)
FF Output: conv2_part2Reg[25](=0)
FF Output: conv2_part2Reg[26](=0)
FF Output: conv2_part2Reg[27](=0)
FF Output: conv2_part2Reg[28](=0)
FF Output: conv2_part2Reg[29](=0)
FF Output: conv2_part2Reg[30](=0)
FF Output: conv2_part2Reg[31](=0)
FF Output: conv2_part2Reg[32](=0)
FF Output: linear1_part1Reg[49](=0)
FF Output: linear1_part1Reg[50](=0)
FF Output: linear1_part1Reg[51](=0)
FF Output: linear1_part1Reg[52](=0)
FF Output: linear1_part1Reg[53](=0)
FF Output: linear1_part1Reg[54](=0)
FF Output: linear1_part1Reg[55](=0)
FF Output: linear1_part1Reg[56](=0)
FF Output: linear1_part1Reg[57](=0)
FF Output: linear1_part1Reg[58](=0)
FF Output: linear1_part1Reg[59](=0)
FF Output: linear1_part1Reg[60](=0)
FF Output: linear1_part1Reg[61](=0)
FF Output: linear1_part1Reg[62](=0)
FF Output: linear1_part1Reg[63](=0)
FF Output: linear1_part2Reg[1](=0)
FF Output: linear1_part2Reg[2](=0)
FF Output: linear1_part2Reg[3](=0)
FF Output: linear1_part2Reg[4](=0)
FF Output: linear1_part2Reg[5](=0)
FF Output: linear1_part2Reg[6](=0)
FF Output: linear1_part2Reg[7](=0)
FF Output: linear1_part2Reg[8](=0)
FF Output: linear1_part2Reg[9](=0)
FF Output: linear1_part2Reg[10](=0)
FF Output: linear1_part2Reg[11](=0)
FF Output: linear1_part2Reg[12](=0)
FF Output: linear1_part2Reg[13](=0)
FF Output: linear1_part2Reg[14](=0)
FF Output: linear1_part2Reg[15](=0)
FF Output: linear1_part2Reg[16](=0)
FF Output: linear1_part2Reg[17](=0)
FF Output: linear1_part2Reg[18](=0)
FF Output: linear1_part2Reg[19](=0)
FF Output: linear1_part2Reg[20](=0)
FF Output: linear1_part2Reg[21](=0)
FF Output: linear1_part2Reg[22](=0)
FF Output: linear1_part2Reg[23](=0)
FF Output: linear1_part2Reg[24](=0)
FF Output: linear1_part2Reg[25](=0)
FF Output: linear1_part2Reg[26](=0)
FF Output: linear1_part2Reg[27](=0)
FF Output: linear1_part2Reg[28](=0)
FF Output: linear1_part2Reg[29](=0)
FF Output: linear1_part2Reg[30](=0)
FF Output: linear1_part2Reg[31](=0)
FF Output: linear1_part2Reg[32](=0)
FF Output: conv1_pLL_Reg[1](=0)
FF Output: conv1_pLL_Reg[2](=0)
FF Output: conv1_pLL_Reg[3](=0)
FF Output: conv1_pLL_Reg[4](=0)
FF Output: conv1_pLL_Reg[5](=0)
FF Output: conv1_pLL_Reg[6](=0)
FF Output: conv1_pHL_Reg[1](=0)
FF Output: conv1_pHL_Reg[2](=0)
FF Output: conv1_pHL_Reg[3](=0)
FF Output: conv1_pHL_Reg[4](=0)
FF Output: conv1_pHL_Reg[5](=0)
FF Output: conv1_pHL_Reg[6](=0)
FF Output: conv2_pLL_Reg[1](=0)
FF Output: conv2_pLL_Reg[2](=0)
FF Output: conv2_pLL_Reg[3](=0)
FF Output: conv2_pLL_Reg[4](=0)
FF Output: conv2_pLL_Reg[5](=0)
FF Output: conv2_pLL_Reg[6](=0)
FF Output: conv2_pHL_Reg[1](=0)
FF Output: conv2_pHL_Reg[2](=0)
FF Output: conv2_pHL_Reg[3](=0)
FF Output: conv2_pHL_Reg[4](=0)
FF Output: conv2_pHL_Reg[5](=0)
FF Output: conv2_pHL_Reg[6](=0)
FF Output: linear1_pLL_Reg[1](=0)
FF Output: linear1_pLL_Reg[2](=0)
FF Output: linear1_pLL_Reg[3](=0)
FF Output: linear1_pLL_Reg[4](=0)
FF Output: linear1_pLL_Reg[5](=0)
FF Output: linear1_pLL_Reg[6](=0)
FF Output: linear1_pLL_Reg[7](=0)
FF Output: linear1_pHL_Reg[1](=0)
FF Output: linear1_pHL_Reg[2](=0)
FF Output: linear1_pHL_Reg[3](=0)
FF Output: linear1_pHL_Reg[4](=0)
FF Output: linear1_pHL_Reg[5](=0)
FF Output: linear1_pHL_Reg[6](=0)
FF Output: linear1_pHL_Reg[7](=0)
FF Output: conv1_part2Reg[32](=0)
FF Output: conv1_part1Reg[0](=0)
FF Output: conv1_part1Reg[1](=0)
FF Output: conv1_part1Reg[2](=0)
FF Output: conv1_part1Reg[3](=0)
FF Output: conv1_part1Reg[4](=0)
FF Output: conv1_part1Reg[5](=0)
FF Output: conv1_part1Reg[6](=0)
FF Output: conv2_part1Reg[0](=0)
FF Output: conv2_part1Reg[1](=0)
FF Output: conv2_part1Reg[2](=0)
FF Output: conv2_part1Reg[3](=0)
FF Output: conv2_part1Reg[4](=0)
FF Output: conv2_part1Reg[5](=0)
FF Output: conv2_part1Reg[6](=0)
FF Output: linear1_part1Reg[0](=0)
FF Output: linear1_part1Reg[1](=0)
FF Output: linear1_part1Reg[2](=0)
FF Output: linear1_part1Reg[3](=0)
FF Output: linear1_part1Reg[4](=0)
FF Output: linear1_part1Reg[5](=0)
FF Output: linear1_part1Reg[6](=0)
FF Output: linear1_part1Reg[7](=0)
### ### Sequential Elements Trimming Report (end) ### ### ### 

### ### Module Resource Usage Distribution Estimates (begin) ### ###

**Note: some resources maybe grouped under different hierarchy due to optimization and LUT mapping

Module                          FFs      ADDs      LUTs      RAMs DSP/MULTs
-------------------------       ---      ----      ----      ---- ---------
SpinalNNTop:SpinalNNTop    704(704)  812(812)  818(818)    35(35)    18(18)

### ### Module Resource Usage Distribution Estimates (end) ### ###


### ### Clock Load Distribution Report (begin) ### ###

 Clock      Flip-Flops    Memory PortsMultipliers/DSPs
 -----      ----------    ----------------------------
   clk             704              53              18

### ### Clock Load Distribution Report (end) ### ###

### ### Memory Mapping Report (begin) ### ### ###

1. conv2_weightRom_0 (/home/curtis-button/projects/spinalnn/rtl/flat/SpinalNNTop.v:535):
	EFX_RAM_5K: conv2_weightRom_0__D$b12
	EFX_RAM_5K: conv2_weightRom_0__D$2
	EFX_RAM_5K: conv2_weightRom_0__D$12
	EFX_RAM_5K: conv2_weightRom_0__D$c12
	EFX_RAM_5K: conv2_weightRom_0__D$d12
	EFX_RAM_5K: conv2_weightRom_0__D$e12
	EFX_RAM_5K: conv2_weightRom_0__D$f12
	EFX_RAM_5K: conv2_weightRom_0__D$g1

2. linear1_weightRom (/home/curtis-button/projects/spinalnn/rtl/flat/SpinalNNTop.v:539):
	EFX_RAM_5K: linear1_weightRom__D$b12
	EFX_RAM_5K: linear1_weightRom__D$12
	EFX_RAM_5K: linear1_weightRom__D$2
	EFX_RAM_5K: linear1_weightRom__D$c12
	EFX_RAM_5K: linear1_weightRom__D$d12
	EFX_RAM_5K: linear1_weightRom__D$e12
	EFX_RAM_5K: linear1_weightRom__D$f12
	EFX_RAM_5K: linear1_weightRom__D$g1

3. conv1_weightRom_0 (/home/curtis-button/projects/spinalnn/rtl/flat/SpinalNNTop.v:531):
	EFX_RAM_5K: conv1_weightRom_0

### ### Memory Mapping Report (end) ### ### ###

### ### Resource Summary (begin) ### ### ### 
INPUT  PORTS    : 	12
OUTPUT PORTS    : 	10

EFX_ADD         : 	812
EFX_LUT4        : 	818
   1-2  Inputs  : 	161
   3    Inputs  : 	403
   4    Inputs  : 	254
EFX_MULT        : 	18
EFX_FF          : 	704
EFX_RAM_5K      : 	35
EFX_GBUFCE      : 	1
### ### Resource Summary (end) ### ### ###

Plain synthesis (without verilog dump and post-map checks) time : 2s
Elapsed synthesis time : 2s
