           
           Efinix FPGA Placement and Routing.
           Version: 2025.2.288.2.10 
           Compiled: Dec 18 2025.
           
           Copyright (C) 2013 - 2025 Efinix, Inc. All rights reserved.

           
           The Tool Is Based on VPR of University of Toronto,
           a free open source code under MIT license.
           
           
INFO     : Running Placement and Routing for Family "Trion", Device "T20F169" ...
           
           ***** Beginning stage Routing graph generation ... *****
INFO     : Read ipin pattern from /home/curtis-button/eda/efinity/2025.2/arch/./routing/ipin_oph.xml
INFO     : Finished parsing ipin pattern file '/home/curtis-button/eda/efinity/2025.2/arch/./routing/ipin_oph.xdb'.
INFO     : Finished parsing switch_block file '/home/curtis-button/eda/efinity/2025.2/arch/./routing/sb_connectivity_subset.xdb'.
INFO     : BuildGraph process took 1.03632705 seconds [FlowMsg::StageDuration]
INFO     :     BuildGraph process took 0.97 seconds (approximately) in total CPU time [FlowMsg::StageDuration::CPUTime]
INFO     : BuildGraph process virtual memory usage: begin = 352.452 MB, end = 526.532 MB, delta = 174.08 MB [FlowMsg::VMUsage]
INFO     : BuildGraph process resident set memory usage: begin = 168.164 MB, end = 388.416 MB, delta = 220.252 MB [FlowMsg::RSSUsage]
INFO     :     BuildGraph process peak resident set memory usage = 388.416 MB [FlowMsg::RSSUsage::Peak]
INFO     : check rr_graph process took 0.037438114 seconds [FlowMsg::StageDuration]
INFO     :     check rr_graph process took 0.04 seconds (approximately) in total CPU time [FlowMsg::StageDuration::CPUTime]
INFO     : check rr_graph process virtual memory usage: begin = 526.532 MB, end = 526.532 MB, delta = 0 MB [FlowMsg::VMUsage]
INFO     : check rr_graph process resident set memory usage: begin = 388.416 MB, end = 388.604 MB, delta = 0.188 MB [FlowMsg::RSSUsage]
INFO     :     check rr_graph process peak resident set memory usage = 388.604 MB [FlowMsg::RSSUsage::Peak]
INFO     : Generated 1177571 RR nodes and 4454096 RR edges [DBMsg::DatabaseRoutingGraphStats]
INFO     : This design has 1 global control net(s). See outflow/spinalnn_benchmark.route.rpt for details.
INFO     : Routing graph took 1.103073178 seconds [FlowMsg::StageDuration]
INFO     :     Routing graph took 1.03 seconds (approximately) in total CPU time [FlowMsg::StageDuration::CPUTime]
INFO     : Routing graph virtual memory usage: begin = 352.452 MB, end = 526.532 MB, delta = 174.08 MB [FlowMsg::VMUsage]
INFO     : Routing graph resident set memory usage: begin = 167.612 MB, end = 388.792 MB, delta = 221.18 MB [FlowMsg::RSSUsage]
INFO     :     Routing graph peak resident set memory usage = 388.792 MB [FlowMsg::RSSUsage::Peak]
           ***** Ending stage Routing graph generation *****
           
           ***** Beginning stage routing ... *****
INFO     : No SDC file found.  Using default timing constraint of 1 ns.
INFO     : NOTE:  Use --sdc_file <SDC_FILE> to override this behavior.
INFO     : Creating clock 'clk' with 1 sources
INFO     :  ---------      -------     --------------      -------------
INFO     :  Iteration      Overuse     Crit Path (ns)      Calc Time (s)
INFO     :  ---------      -------     --------------      -------------
INFO     :          1         5138              5.869              0.491
INFO     :          2         1333              5.869              0.231
INFO     :          3          608              5.869              0.177
INFO     :          4          263              5.869              0.146
INFO     :          5          118              5.869              0.098
INFO     :          6           60              5.869              0.124
INFO     :          7           27              5.916              0.147
INFO     :          8           14              5.948              0.257
INFO     :          9            6              6.048              0.455
INFO     :         10            0              6.046             0.0506
           
INFO     : Successfully routed netlist after 10 routing iterations and 10769501 heapops
INFO     : Completed net delay value cross check successfully.
           ***** Beginning stage routing check ... *****
           ***** Ending stage routing check *****
           
INFO     : Serial number (magic cookie) for the routing is: 1785922747
INFO     : Netlist fully routed.
INFO     : Successfully created FPGA route file 'outflow/spinalnn_benchmark.route'
INFO     : Routing took 2.356884165 seconds [FlowMsg::StageDuration]
INFO     :     Routing took 2.51 seconds (approximately) in total CPU time [FlowMsg::StageDuration::CPUTime]
INFO     : Routing virtual memory usage: begin = 526.532 MB, end = 563.332 MB, delta = 36.8 MB [FlowMsg::VMUsage]
INFO     : Routing resident set memory usage: begin = 388.792 MB, end = 418.332 MB, delta = 29.54 MB [FlowMsg::RSSUsage]
INFO     :     Routing peak resident set memory usage = 418.332 MB [FlowMsg::RSSUsage::Peak]
           ***** Ending stage routing *****
           
           ***** Beginning stage final timing analysis ... *****
INFO     : No SDC file found.  Using default timing constraint of 1 ns.
INFO     : NOTE:  Use --sdc_file <SDC_FILE> to override this behavior.
INFO     : Creating clock 'clk' with 1 sources
Maximum possible analyzed clocks frequency
 Clock Name  Period (ns)  Frequency (MHz)     Edge
    clk         6.166        162.180         (R-R)

Geomean max period: 6.166

Setup (Max) Clock Relationship
  Launch Clock    Capture Clock   Constraint (ns)     Slack (ns)          Edge
      clk              clk             1.000            -5.166           (R-R)

Hold (Min) Clock Relationship
  Launch Clock    Capture Clock   Constraint (ns)     Slack (ns)          Edge
      clk              clk             0.000            0.188            (R-R)

WARNING  : Clock domain between clk (rising) and clk (rising) may not meet (slack: -5.166 ns) the setup (max) timing requirement
INFO     : Write Timing Report to "outflow/spinalnn_benchmark.timing.rpt" ...
INFO     : final timing analysis took 0.079414524 seconds [FlowMsg::StageDuration]
INFO     :     final timing analysis took 0.1 seconds (approximately) in total CPU time [FlowMsg::StageDuration::CPUTime]
INFO     : final timing analysis virtual memory usage: begin = 563.332 MB, end = 563.332 MB, delta = 0 MB [FlowMsg::VMUsage]
INFO     : final timing analysis resident set memory usage: begin = 418.512 MB, end = 418.68 MB, delta = 0.168 MB [FlowMsg::RSSUsage]
INFO     :     final timing analysis peak resident set memory usage = 418.68 MB [FlowMsg::RSSUsage::Peak]
           ***** Ending stage final timing analysis *****
           
           ***** Beginning stage bitstream generation ... *****
INFO     : Reading core interface constraints file "outflow/spinalnn_benchmark.interface.csv" [DBMsg::CoreInterfaceConstraintsFileReading]
INFO     : Successfully read core interface constraints file "outflow/spinalnn_benchmark.interface.csv" [DBMsg::CoreInterfaceConstraintsFileLoadSuccess]
INFO     : Finished writing bitstream file work_pnr/spinalnn_benchmark.lbf.
INFO     : Bitstream generation took 0.200163421 seconds [FlowMsg::StageDuration]
INFO     :     Bitstream generation took 0.2 seconds (approximately) in total CPU time [FlowMsg::StageDuration::CPUTime]
INFO     : Bitstream generation virtual memory usage: begin = 563.332 MB, end = 563.332 MB, delta = 0 MB [FlowMsg::VMUsage]
INFO     : Bitstream generation resident set memory usage: begin = 418.68 MB, end = 419.452 MB, delta = 0.772 MB [FlowMsg::RSSUsage]
INFO     :     Bitstream generation peak resident set memory usage = 419.452 MB [FlowMsg::RSSUsage::Peak]
INFO     : The entire flow of EFX_PNR took 7.329356041 seconds [FlowMsg::StageDuration]
INFO     :     The entire flow of EFX_PNR took 13.68 seconds (approximately) in total CPU time [FlowMsg::StageDuration::CPUTime]
INFO     : The entire flow of EFX_PNR virtual memory usage: begin = 127.768 MB, end = 563.332 MB, delta = 435.564 MB [FlowMsg::VMUsage]
INFO     : The entire flow of EFX_PNR resident set memory usage: begin = 39.984 MB, end = 419.452 MB, delta = 379.468 MB [FlowMsg::RSSUsage]
INFO     :     The entire flow of EFX_PNR peak resident set memory usage = 419.452 MB [FlowMsg::RSSUsage::Peak]
