
Efinity Interface Designer Report
Version: 2025.2.288.2.10
Date: 2026-06-03 21:50

Copyright (C) 2013 - 2025 Efinix Inc. All rights reserved.

Device: T20F169
Project: spinalnn_benchmark

Package: 169-ball FBGA (final)
Timing Model: C4 (final)
Configuration Mode: active (x1)

---------- Table of Contents (begin) ----------
   1. Periphery Usage Summary
   2. Generated Output Files
   3. I/O Banks Summary
   4. Global Connection Summary
   5. Clock Region Usage Summary
   6. Dual-Function Configuration Pin Usage
   7. GPIO Usage Summary
   8. PLL Usage Summary
   9. LVDS Rx Usage Summary
   10. LVDS Tx Usage Summary
   11. MIPI Rx Usage Summary
   12. MIPI Tx Usage Summary
   13. Clock Mux Usage Summary
   14. Configuration Control Usage Summary
   15. JTAG Usage Summary
---------- Table of Contents (end) ------------

---------- 1. Periphery Usage Summary (begin) ----------
clkmux: 2 / 2 (100.0%)
control: 0 / 1 (0.0%)
gpio: 0 / 31 (0.0%)
jtag: 0 / 2 (0.0%)
lvds_bg: 0 / 1 (0.0%)
lvds_rx: 0 / 13 (0.0%)
lvds_tx: 0 / 8 (0.0%)
mipi_rx: 0 / 2 (0.0%)
mipi_tx: 0 / 2 (0.0%)
pll: 0 / 5 (0.0%)
---------- Periphery Usage Summary (end) ----------

---------- 2. Generated Output Files (begin) ----------
Interface Configuration: spinalnn_benchmark.interface.csv
Peripheral Block Configuration: spinalnn_benchmark.lpf
Pinout Report: spinalnn_benchmark.pinout.rpt
Pinout CSV: spinalnn_benchmark.pinout.csv
Timing Report: spinalnn_benchmark.pt_timing.rpt
Timing SDC Template: spinalnn_benchmark.pt.sdc
Verilog Template: spinalnn_benchmark_template.v
Option Register File: spinalnn_benchmark_or.ini
---------- Generated Output Files (end) ----------

---------- 3. I/O Banks Summary (begin) ----------

+----------+-------------+
| I/O Bank | I/O Voltage |
+----------+-------------+
|    1A    |    3.3 V    |
| 1B_1C_1D |    3.3 V    |
|    1E    |    3.3 V    |
|    2A    |    1.2 V    |
|    2B    |    1.2 V    |
|  3A_3B   |    3.3 V    |
| 3C_3D_3E |    3.3 V    |
|    4A    |    3.3 V    |
|    4B    |    3.3 V    |
|    BR    |    1.2 V    |
|    TL    |    1.2 V    |
|    TR    |    1.2 V    |
+----------+-------------+

---------- I/O Banks Summary (end) ----------

---------- 4. Global Connection Summary (begin) ----------

No global connection was found in project.

---------- Global Connection Summary (end) ----------

---------- 5. Clock Region Usage Summary (begin) ----------

+--------------+----------------+
| Clock Region | Used/Available |
+--------------+----------------+
|      B       |      0/16      |
|      L0      |      0/4       |
|      L1      |      0/4       |
|      L2      |      0/4       |
|      R0      |      0/4       |
|      R1      |      0/4       |
|      R2      |      0/4       |
|      T       |      0/16      |
+--------------+----------------+

---------- Clock Region Usage Summary (end) ----------

---------- 6. Dual-Function Configuration Pin Usage (begin) ----------

No instance using dual-function configuration pin.

---------- Dual-Function Configuration Pin Usage (end) ----------

---------- 7. GPIO Usage Summary (begin) ----------

No GPIO was configured

---------- GPIO Usage Summary (end) ----------

---------- 8. PLL Usage Summary (begin) ----------

No PLL was configured

---------- PLL Usage Summary (end) ----------

---------- 9. LVDS Rx Usage Summary (begin) ----------

No LVDS Rx was configured

---------- LVDS Rx Usage Summary (end) ----------

---------- 10. LVDS Tx Usage Summary (begin) ----------

No LVDS Tx was configured

---------- LVDS Tx Usage Summary (end) ----------

---------- 11. MIPI Rx Usage Summary (begin) ----------

No MIPI Rx was configured

---------- MIPI Rx Usage Summary (end) ----------

---------- 12. MIPI Tx Usage Summary (begin) ----------

No MIPI Tx was configured

---------- MIPI Tx Usage Summary (end) ----------

---------- 13. Clock Mux Usage Summary (begin) ----------

No Clock Mux was configured

---------- Clock Mux Usage Summary (end) ----------

---------- 14. Configuration Control Usage Summary (begin) ----------

No Configuration Control was configured

---------- Configuration Control Usage Summary (end) ----------

---------- 15. JTAG Usage Summary (begin) ----------

No JTAG was configured

---------- JTAG Usage Summary (end) ----------
