           
           Efinix FPGA Placement and Routing.
           Version: 2025.2.288.2.10 
           Compiled: Dec 18 2025.
           
           Copyright (C) 2013 - 2025 Efinix, Inc. All rights reserved.

           
           The Tool Is Based on VPR of University of Toronto,
           a free open source code under MIT license.
           
           
INFO     : Running Placement and Routing for Family "Trion", Device "T20F169" ...
           
           ***** Beginning stage Routing graph generation ... *****
INFO     : Read ipin pattern from /home/curtis-button/eda/efinity/2025.2/arch/./routing/ipin_oph.xml
INFO     : Finished parsing ipin pattern file '/home/curtis-button/eda/efinity/2025.2/arch/./routing/ipin_oph.xdb'.
INFO     : Finished parsing switch_block file '/home/curtis-button/eda/efinity/2025.2/arch/./routing/sb_connectivity_subset.xdb'.
INFO     : BuildGraph process took 1.001349751 seconds [FlowMsg::StageDuration]
INFO     :     BuildGraph process took 0.94 seconds (approximately) in total CPU time [FlowMsg::StageDuration::CPUTime]
INFO     : BuildGraph process virtual memory usage: begin = 353.44 MB, end = 524.4 MB, delta = 170.96 MB [FlowMsg::VMUsage]
INFO     : BuildGraph process resident set memory usage: begin = 164.236 MB, end = 386.248 MB, delta = 222.012 MB [FlowMsg::RSSUsage]
INFO     :     BuildGraph process peak resident set memory usage = 386.248 MB [FlowMsg::RSSUsage::Peak]
INFO     : check rr_graph process took 0.037496461 seconds [FlowMsg::StageDuration]
INFO     :     check rr_graph process took 0.04 seconds (approximately) in total CPU time [FlowMsg::StageDuration::CPUTime]
INFO     : check rr_graph process virtual memory usage: begin = 524.4 MB, end = 524.4 MB, delta = 0 MB [FlowMsg::VMUsage]
INFO     : check rr_graph process resident set memory usage: begin = 386.248 MB, end = 386.436 MB, delta = 0.188 MB [FlowMsg::RSSUsage]
INFO     :     check rr_graph process peak resident set memory usage = 386.436 MB [FlowMsg::RSSUsage::Peak]
INFO     : Generated 1177053 RR nodes and 4453532 RR edges [DBMsg::DatabaseRoutingGraphStats]
INFO     : This design has 1 global control net(s). See outflow/spinalnn_benchmark.route.rpt for details.
INFO     : Routing graph took 1.068648777 seconds [FlowMsg::StageDuration]
INFO     :     Routing graph took 1 seconds (approximately) in total CPU time [FlowMsg::StageDuration::CPUTime]
INFO     : Routing graph virtual memory usage: begin = 353.44 MB, end = 524.4 MB, delta = 170.96 MB [FlowMsg::VMUsage]
INFO     : Routing graph resident set memory usage: begin = 163.684 MB, end = 386.624 MB, delta = 222.94 MB [FlowMsg::RSSUsage]
INFO     :     Routing graph peak resident set memory usage = 386.624 MB [FlowMsg::RSSUsage::Peak]
           ***** Ending stage Routing graph generation *****
           
           ***** Beginning stage routing ... *****
INFO     : SDC file 'timing.sdc' parsed successfully.
INFO     :  ---------      -------     --------------      -------------
INFO     :  Iteration      Overuse     Crit Path (ns)      Calc Time (s)
INFO     :  ---------      -------     --------------      -------------
INFO     :          1         4660              5.703              0.263
INFO     :          2          725               5.55               0.24
INFO     :          3          253              5.794              0.179
INFO     :          4           54               5.67              0.117
INFO     :          5            5               5.67              0.188
INFO     :          6            0               5.67             0.0564
           
INFO     : Successfully routed netlist after 6 routing iterations and 6396614 heapops
INFO     : Completed net delay value cross check successfully.
           ***** Beginning stage routing check ... *****
           ***** Ending stage routing check *****
           
INFO     : Serial number (magic cookie) for the routing is: 755075556
INFO     : Netlist fully routed.
INFO     : Successfully created FPGA route file 'outflow/spinalnn_benchmark.route'
INFO     : Routing took 1.209940939 seconds [FlowMsg::StageDuration]
INFO     :     Routing took 1.3 seconds (approximately) in total CPU time [FlowMsg::StageDuration::CPUTime]
INFO     : Routing virtual memory usage: begin = 524.4 MB, end = 561.192 MB, delta = 36.792 MB [FlowMsg::VMUsage]
INFO     : Routing resident set memory usage: begin = 386.624 MB, end = 416.328 MB, delta = 29.704 MB [FlowMsg::RSSUsage]
INFO     :     Routing peak resident set memory usage = 416.328 MB [FlowMsg::RSSUsage::Peak]
           ***** Ending stage routing *****
           
           ***** Beginning stage final timing analysis ... *****
INFO     : SDC file 'timing.sdc' parsed successfully.
Maximum possible analyzed clocks frequency
 Clock Name  Period (ns)  Frequency (MHz)     Edge
    clk         5.790        172.712         (R-R)

Geomean max period: 5.790

Setup (Max) Clock Relationship
  Launch Clock    Capture Clock   Constraint (ns)     Slack (ns)          Edge
      clk              clk             6.667            0.877            (R-R)

Hold (Min) Clock Relationship
  Launch Clock    Capture Clock   Constraint (ns)     Slack (ns)          Edge
      clk              clk             0.000            0.086            (R-R)

INFO     : Write Timing Report to "outflow/spinalnn_benchmark.timing.rpt" ...
INFO     : final timing analysis took 0.069649851 seconds [FlowMsg::StageDuration]
INFO     :     final timing analysis took 0.08 seconds (approximately) in total CPU time [FlowMsg::StageDuration::CPUTime]
INFO     : final timing analysis virtual memory usage: begin = 561.192 MB, end = 561.192 MB, delta = 0 MB [FlowMsg::VMUsage]
INFO     : final timing analysis resident set memory usage: begin = 416.328 MB, end = 416.684 MB, delta = 0.356 MB [FlowMsg::RSSUsage]
INFO     :     final timing analysis peak resident set memory usage = 416.684 MB [FlowMsg::RSSUsage::Peak]
           ***** Ending stage final timing analysis *****
           
           ***** Beginning stage bitstream generation ... *****
INFO     : Reading core interface constraints file "outflow/spinalnn_benchmark.interface.csv" [DBMsg::CoreInterfaceConstraintsFileReading]
INFO     : Successfully read core interface constraints file "outflow/spinalnn_benchmark.interface.csv" [DBMsg::CoreInterfaceConstraintsFileLoadSuccess]
INFO     : Finished writing bitstream file work_pnr/spinalnn_benchmark.lbf.
INFO     : Bitstream generation took 0.196147213 seconds [FlowMsg::StageDuration]
INFO     :     Bitstream generation took 0.2 seconds (approximately) in total CPU time [FlowMsg::StageDuration::CPUTime]
INFO     : Bitstream generation virtual memory usage: begin = 561.192 MB, end = 561.192 MB, delta = 0 MB [FlowMsg::VMUsage]
INFO     : Bitstream generation resident set memory usage: begin = 416.684 MB, end = 420.016 MB, delta = 3.332 MB [FlowMsg::RSSUsage]
INFO     :     Bitstream generation peak resident set memory usage = 420.016 MB [FlowMsg::RSSUsage::Peak]
INFO     : The entire flow of EFX_PNR took 5.170733052 seconds [FlowMsg::StageDuration]
INFO     :     The entire flow of EFX_PNR took 9.11 seconds (approximately) in total CPU time [FlowMsg::StageDuration::CPUTime]
INFO     : The entire flow of EFX_PNR virtual memory usage: begin = 127.768 MB, end = 561.192 MB, delta = 433.424 MB [FlowMsg::VMUsage]
INFO     : The entire flow of EFX_PNR resident set memory usage: begin = 40.192 MB, end = 420.016 MB, delta = 379.824 MB [FlowMsg::RSSUsage]
INFO     :     The entire flow of EFX_PNR peak resident set memory usage = 420.016 MB [FlowMsg::RSSUsage::Peak]
